Archive member included to satisfy reference by file (symbol)

c:/intelfpga_lite/18.1/nios2eds/bin/gnu/h-x86_64-mingw32/bin/../lib/gcc/nios2-elf/5.3.0/../../../../../H-x86_64-mingw32/nios2-elf/lib/mno-hw-mul\libm.a(lib_a-w_pow.o)
                              obj/default/src/pdmmic.o (pow)
c:/intelfpga_lite/18.1/nios2eds/bin/gnu/h-x86_64-mingw32/bin/../lib/gcc/nios2-elf/5.3.0/../../../../../H-x86_64-mingw32/nios2-elf/lib/mno-hw-mul\libm.a(lib_a-e_pow.o)
                              c:/intelfpga_lite/18.1/nios2eds/bin/gnu/h-x86_64-mingw32/bin/../lib/gcc/nios2-elf/5.3.0/../../../../../H-x86_64-mingw32/nios2-elf/lib/mno-hw-mul\libm.a(lib_a-w_pow.o) (__ieee754_pow)
c:/intelfpga_lite/18.1/nios2eds/bin/gnu/h-x86_64-mingw32/bin/../lib/gcc/nios2-elf/5.3.0/../../../../../H-x86_64-mingw32/nios2-elf/lib/mno-hw-mul\libm.a(lib_a-e_sqrt.o)
                              c:/intelfpga_lite/18.1/nios2eds/bin/gnu/h-x86_64-mingw32/bin/../lib/gcc/nios2-elf/5.3.0/../../../../../H-x86_64-mingw32/nios2-elf/lib/mno-hw-mul\libm.a(lib_a-e_pow.o) (__ieee754_sqrt)
c:/intelfpga_lite/18.1/nios2eds/bin/gnu/h-x86_64-mingw32/bin/../lib/gcc/nios2-elf/5.3.0/../../../../../H-x86_64-mingw32/nios2-elf/lib/mno-hw-mul\libm.a(lib_a-s_fabs.o)
                              c:/intelfpga_lite/18.1/nios2eds/bin/gnu/h-x86_64-mingw32/bin/../lib/gcc/nios2-elf/5.3.0/../../../../../H-x86_64-mingw32/nios2-elf/lib/mno-hw-mul\libm.a(lib_a-e_pow.o) (fabs)
c:/intelfpga_lite/18.1/nios2eds/bin/gnu/h-x86_64-mingw32/bin/../lib/gcc/nios2-elf/5.3.0/../../../../../H-x86_64-mingw32/nios2-elf/lib/mno-hw-mul\libm.a(lib_a-s_finite.o)
                              c:/intelfpga_lite/18.1/nios2eds/bin/gnu/h-x86_64-mingw32/bin/../lib/gcc/nios2-elf/5.3.0/../../../../../H-x86_64-mingw32/nios2-elf/lib/mno-hw-mul\libm.a(lib_a-w_pow.o) (finite)
c:/intelfpga_lite/18.1/nios2eds/bin/gnu/h-x86_64-mingw32/bin/../lib/gcc/nios2-elf/5.3.0/../../../../../H-x86_64-mingw32/nios2-elf/lib/mno-hw-mul\libm.a(lib_a-s_fpclassify.o)
                              c:/intelfpga_lite/18.1/nios2eds/bin/gnu/h-x86_64-mingw32/bin/../lib/gcc/nios2-elf/5.3.0/../../../../../H-x86_64-mingw32/nios2-elf/lib/mno-hw-mul\libm.a(lib_a-w_pow.o) (__fpclassifyd)
c:/intelfpga_lite/18.1/nios2eds/bin/gnu/h-x86_64-mingw32/bin/../lib/gcc/nios2-elf/5.3.0/../../../../../H-x86_64-mingw32/nios2-elf/lib/mno-hw-mul\libm.a(lib_a-s_lib_ver.o)
                              c:/intelfpga_lite/18.1/nios2eds/bin/gnu/h-x86_64-mingw32/bin/../lib/gcc/nios2-elf/5.3.0/../../../../../H-x86_64-mingw32/nios2-elf/lib/mno-hw-mul\libm.a(lib_a-w_pow.o) (__fdlib_version)
c:/intelfpga_lite/18.1/nios2eds/bin/gnu/h-x86_64-mingw32/bin/../lib/gcc/nios2-elf/5.3.0/../../../../../H-x86_64-mingw32/nios2-elf/lib/mno-hw-mul\libm.a(lib_a-s_matherr.o)
                              c:/intelfpga_lite/18.1/nios2eds/bin/gnu/h-x86_64-mingw32/bin/../lib/gcc/nios2-elf/5.3.0/../../../../../H-x86_64-mingw32/nios2-elf/lib/mno-hw-mul\libm.a(lib_a-w_pow.o) (matherr)
c:/intelfpga_lite/18.1/nios2eds/bin/gnu/h-x86_64-mingw32/bin/../lib/gcc/nios2-elf/5.3.0/../../../../../H-x86_64-mingw32/nios2-elf/lib/mno-hw-mul\libm.a(lib_a-s_nan.o)
                              c:/intelfpga_lite/18.1/nios2eds/bin/gnu/h-x86_64-mingw32/bin/../lib/gcc/nios2-elf/5.3.0/../../../../../H-x86_64-mingw32/nios2-elf/lib/mno-hw-mul\libm.a(lib_a-e_pow.o) (nan)
c:/intelfpga_lite/18.1/nios2eds/bin/gnu/h-x86_64-mingw32/bin/../lib/gcc/nios2-elf/5.3.0/../../../../../H-x86_64-mingw32/nios2-elf/lib/mno-hw-mul\libm.a(lib_a-s_rint.o)
                              c:/intelfpga_lite/18.1/nios2eds/bin/gnu/h-x86_64-mingw32/bin/../lib/gcc/nios2-elf/5.3.0/../../../../../H-x86_64-mingw32/nios2-elf/lib/mno-hw-mul\libm.a(lib_a-w_pow.o) (rint)
c:/intelfpga_lite/18.1/nios2eds/bin/gnu/h-x86_64-mingw32/bin/../lib/gcc/nios2-elf/5.3.0/../../../../../H-x86_64-mingw32/nios2-elf/lib/mno-hw-mul\libm.a(lib_a-s_scalbn.o)
                              c:/intelfpga_lite/18.1/nios2eds/bin/gnu/h-x86_64-mingw32/bin/../lib/gcc/nios2-elf/5.3.0/../../../../../H-x86_64-mingw32/nios2-elf/lib/mno-hw-mul\libm.a(lib_a-e_pow.o) (scalbn)
c:/intelfpga_lite/18.1/nios2eds/bin/gnu/h-x86_64-mingw32/bin/../lib/gcc/nios2-elf/5.3.0/../../../../../H-x86_64-mingw32/nios2-elf/lib/mno-hw-mul\libm.a(lib_a-s_copysign.o)
                              c:/intelfpga_lite/18.1/nios2eds/bin/gnu/h-x86_64-mingw32/bin/../lib/gcc/nios2-elf/5.3.0/../../../../../H-x86_64-mingw32/nios2-elf/lib/mno-hw-mul\libm.a(lib_a-s_scalbn.o) (copysign)
c:/intelfpga_lite/18.1/nios2eds/bin/gnu/h-x86_64-mingw32/bin/../lib/gcc/nios2-elf/5.3.0/mno-hw-mul\libgcc.a(lib2-mul.o)
                              obj/default/FreeRTOS/Source/queue.o (__mulsi3)
c:/intelfpga_lite/18.1/nios2eds/bin/gnu/h-x86_64-mingw32/bin/../lib/gcc/nios2-elf/5.3.0/mno-hw-mul\libgcc.a(addsf3.o)
                              obj/default/src/ILI9341_nios.o (__addsf3)
c:/intelfpga_lite/18.1/nios2eds/bin/gnu/h-x86_64-mingw32/bin/../lib/gcc/nios2-elf/5.3.0/mno-hw-mul\libgcc.a(divsf3.o)
[...]
Memory Configuration

Name             Origin             Length             Attributes
reset            0x0000000000002000 0x0000000000000020
serialflash      0x0000000000002020 0x00000000000007e0
onchip_flash     0x0000000000080000 0x0000000000008000
sdram_BEFORE_EXCEPTION 0x0000000000800000 0x0000000000000020
sdram            0x0000000000800020 0x00000000000fffe0
sdram_data       0x0000000000900000 0x0000000000700000
*default*        0x0000000000000000 0xffffffffffffffff

Linker script and memory map

LOAD ../pdm_4ch_bsp//obj/HAL/src/crt0.o
LOAD obj/default/FreeRTOS/Source/list.o
LOAD obj/default/FreeRTOS/Source/portable/GCC/NiosII/port.o
LOAD obj/default/FreeRTOS/Source/portable/MemMang/heap_2.o
LOAD obj/default/FreeRTOS/Source/queue.o
LOAD obj/default/FreeRTOS/Source/tasks.o
LOAD obj/default/src/AdafruitFonts/adafruitFont.o
LOAD obj/default/src/FONT/font12.o
LOAD obj/default/src/FONT/font16.o
LOAD obj/default/src/FONT/font20.o
LOAD obj/default/src/FONT/font24.o
LOAD obj/default/src/ILI9341_nios.o
LOAD obj/default/src/dma.o
LOAD obj/default/src/ft245_fifo.o
LOAD obj/default/src/grp_lcd.o
LOAD obj/default/src/pdm_main.o
LOAD obj/default/src/pdm_sub.o
LOAD obj/default/src/pdmmic.o
LOAD obj/default/src/task_button.o
LOAD obj/default/src/task_com.o
LOAD obj/default/src/task_disp.o
LOAD obj/default/src/task_main.o
LOAD obj/default/src/task_sns.o
LOAD obj/default/src/wave_img.o
LOAD obj/default/FreeRTOS/Source/portable/GCC/NiosII/port_asm.o
LOAD c:/intelfpga_lite/18.1/nios2eds/bin/gnu/h-x86_64-mingw32/bin/../lib/gcc/nios2-elf/5.3.0/../../../../../H-x86_64-mingw32/nios2-elf/lib/mno-hw-mul\libstdc++.a
LOAD c:/intelfpga_lite/18.1/nios2eds/bin/gnu/h-x86_64-mingw32/bin/../lib/gcc/nios2-elf/5.3.0/../../../../../H-x86_64-mingw32/nios2-elf/lib/mno-hw-mul\libm.a
LOAD c:/intelfpga_lite/18.1/nios2eds/bin/gnu/h-x86_64-mingw32/bin/../lib/gcc/nios2-elf/5.3.0/mno-hw-mul\libgcc.a
START GROUP
LOAD c:/intelfpga_lite/18.1/nios2eds/bin/gnu/h-x86_64-mingw32/bin/../lib/gcc/nios2-elf/5.3.0/../../../../../H-x86_64-mingw32/nios2-elf/lib/mno-hw-mul\libc.a
LOAD c:/intelfpga_lite/18.1/nios2eds/bin/gnu/h-x86_64-mingw32/bin/../lib/gcc/nios2-elf/5.3.0/mno-hw-mul\libgcc.a
LOAD ../pdm_4ch_bsp/\libhal_bsp.a
LOAD c:/intelfpga_lite/18.1/nios2eds/bin/gnu/h-x86_64-mingw32/bin/../lib/gcc/nios2-elf/5.3.0/../../../../../H-x86_64-mingw32/nios2-elf/lib/mno-hw-mul\libm.a
END GROUP
LOAD c:/intelfpga_lite/18.1/nios2eds/bin/gnu/h-x86_64-mingw32/bin/../lib/gcc/nios2-elf/5.3.0/mno-hw-mul\libgcc.a
                0x0000000000002000                __alt_mem_serialflash = 0x2000
                0x0000000000080000                __alt_mem_onchip_flash = 0x80000
                0x0000000000800000                __alt_mem_sdram = 0x800000

.entry          0x0000000000002000        0x0
 *(.entry)
 .entry         0x0000000000002000        0x0 ../pdm_4ch_bsp//obj/HAL/src/crt0.o
                0x0000000000002000                __reset

.exceptions     0x0000000000800020      0x230
                [!provide]                        PROVIDE (__ram_exceptions_start, ABSOLUTE (.))
                0x0000000000800020                . = ALIGN (0x20)
 *(.irq)
 *(.exceptions.entry.label)
 *(.exceptions.entry.user)
 *(.exceptions.entry.ecc_fatal)
 *(.exceptions.entry)
 .exceptions.entry
                0x0000000000800020       0x8c obj/default/FreeRTOS/Source/portable/GCC/NiosII/port_asm.o
 *(.exceptions.irqtest.user)
 *(.exceptions.irqtest)
 .exceptions.irqtest
                0x00000000008000ac       0x14 obj/default/FreeRTOS/Source/portable/GCC/NiosII/port_asm.o
 *(.exceptions.irqhandler.user)
 *(.exceptions.irqhandler)
 .exceptions.irqhandler
                0x00000000008000c0        0x4 obj/default/FreeRTOS/Source/portable/GCC/NiosII/port_asm.o
 *(.exceptions.irqreturn.user)
 *(.exceptions.irqreturn)
 .exceptions.irqreturn
                0x00000000008000c4       0x8c obj/default/FreeRTOS/Source/portable/GCC/NiosII/port_asm.o
                0x00000000008000c4                restore_sp_from_pxCurrentTCB
 *(.exceptions.notirq.label)
 *(.exceptions.notirq.user)
 *(.exceptions.notirq)
 *(.exceptions.soft.user)
 *(.exceptions.soft)
 .exceptions.soft
                0x0000000000800150       0x2c obj/default/FreeRTOS/Source/portable/GCC/NiosII/port_asm.o
 *(.exceptions.unknown.user)
 *(.exceptions.unknown)
 *(.exceptions.exit.label)
 *(.exceptions.exit.user)
 *(.exceptions.exit)
 *(.exceptions)
 .exceptions    0x000000000080017c       0xd4 ../pdm_4ch_bsp/\libhal_bsp.a(alt_irq_handler.o)
                0x000000000080017c                alt_irq_handler
                [!provide]                        PROVIDE (__ram_exceptions_end, ABSOLUTE (.))
                [!provide]                        PROVIDE (__flash_exceptions_start, LOADADDR (.exceptions))

.text           0x0000000000800250    0x120a8
                [!provide]                        PROVIDE (stext, ABSOLUTE (.))
 *(.interp)
 *(.hash)
 *(.dynsym)
 *(.dynstr)
 *(.gnu.version)
 *(.gnu.version_d)
 *(.gnu.version_r)
 *(.rel.init)
 *(.rela.init)
 *(.rel.text .rel.text.* .rel.gnu.linkonce.t.*)
 *(.rela.text .rela.text.* .rela.gnu.linkonce.t.*)
 *(.rel.fini)
 *(.rela.fini)
 *(.rel.rodata .rel.rodata.* .rel.gnu.linkonce.r.*)
 *(.rela.rodata .rela.rodata.* .rela.gnu.linkonce.r.*)
 *(.rel.data .rel.data.* .rel.gnu.linkonce.d.*)
 *(.rela.data .rela.data.* .rela.gnu.linkonce.d.*)
 *(.rel.tdata .rel.tdata.* .rel.gnu.linkonce.td.*)
 *(.rela.tdata .rela.tdata.* .rela.gnu.linkonce.td.*)
 *(.rel.tbss .rel.tbss.* .rel.gnu.linkonce.tb.*)
 *(.rela.tbss .rela.tbss.* .rela.gnu.linkonce.tb.*)
 *(.rel.ctors)
 *(.rela.ctors)
 *(.rel.dtors)
 *(.rela.dtors)
 *(.rel.got)
 *(.rela.got)
 *(.rel.sdata .rel.sdata.* .rel.gnu.linkonce.s.*)
 *(.rela.sdata .rela.sdata.* .rela.gnu.linkonce.s.*)
 *(.rel.sbss .rel.sbss.* .rel.gnu.linkonce.sb.*)
 *(.rela.sbss .rela.sbss.* .rela.gnu.linkonce.sb.*)
 *(.rel.sdata2 .rel.sdata2.* .rel.gnu.linkonce.s2.*)
 *(.rela.sdata2 .rela.sdata2.* .rela.gnu.linkonce.s2.*)
 *(.rel.sbss2 .rel.sbss2.* .rel.gnu.linkonce.sb2.*)
 *(.rela.sbss2 .rela.sbss2.* .rela.gnu.linkonce.sb2.*)
 *(.rel.bss .rel.bss.* .rel.gnu.linkonce.b.*)
 *(.rela.bss .rela.bss.* .rela.gnu.linkonce.b.*)
 *(.rel.plt)
 *(.rela.plt)
 *(.rel.dyn)
 *(.init)
 *(.plt)
 *(.text .stub .text.* .gnu.linkonce.t.*)
 .text          0x0000000000800250       0x38 ../pdm_4ch_bsp//obj/HAL/src/crt0.o
                0x0000000000800250                _start
 .text          0x0000000000800288      0x290 obj/default/FreeRTOS/Source/list.o
                0x0000000000800288                vListInitialise
                0x00000000008002f0                vListInitialiseItem
                0x000000000080031c                vListInsertEnd
                0x00000000008003a8                vListInsert
                0x0000000000800480                uxListRemove
 .text          0x0000000000800518      0x480 obj/default/FreeRTOS/Source/portable/GCC/NiosII/port.o
                0x0000000000800518                prvReadGp
                0x0000000000800540                pxPortInitialiseStack
                0x0000000000800620                xPortStartScheduler
                0x0000000000800658                vPortEndScheduler
                0x0000000000800708                vPortSysTickHandler
                0x0000000000800748                alt_irq_register
                0x00000000008008b8                alt_iic_isr_register
 .text          0x0000000000800998      0x348 obj/default/FreeRTOS/Source/portable/MemMang/heap_2.o
                0x0000000000800998                pvPortMalloc
                0x0000000000800b68                vPortFree
                0x0000000000800c34                xPortGetFreeHeapSize
                0x0000000000800c54                vPortInitialiseBlocks
 .text          0x0000000000800ce0     0x10f0 obj/default/FreeRTOS/Source/queue.o
                0x0000000000800ce0                xQueueGenericReset
                0x0000000000800e0c                xQueueGenericCreate
                0x0000000000800f90                xQueueCreateMutex
                0x0000000000800fec                xQueueGiveMutexRecursive
                0x000000000080107c                xQueueTakeMutexRecursive
                0x0000000000801120                xQueueCreateCountingSemaphore
                0x0000000000801178                xQueueGenericSend
                0x000000000080132c                xQueueGenericSendFromISR
                0x0000000000801414                xQueueGiveFromISR
                0x00000000008014f0                xQueueGenericReceive
                0x0000000000801724                xQueueReceiveFromISR
                0x0000000000801808                xQueuePeekFromISR
                0x0000000000801884                uxQueueMessagesWaiting
                0x00000000008018c4                uxQueueSpacesAvailable
                0x0000000000801918                uxQueueMessagesWaitingFromISR
                0x0000000000801948                vQueueDelete
                0x0000000000801cf0                xQueueIsQueueEmptyFromISR
                0x0000000000801d88                xQueueIsQueueFullFromISR
 .text          0x0000000000801dd0     0x23dc obj/default/FreeRTOS/Source/tasks.o
                0x0000000000801dd0                xTaskCreate
                0x0000000000802190                vTaskDelete
                0x0000000000802278                vTaskDelayUntil
                0x0000000000802368                vTaskDelay
                0x00000000008023c4                uxTaskPriorityGet
                0x000000000080241c                uxTaskPriorityGetFromISR
                0x0000000000802468                vTaskPrioritySet
                0x000000000080263c                vTaskSuspend
                0x00000000008027b0                vTaskResume
                0x0000000000802888                xTaskResumeFromISR
                0x0000000000802974                vTaskStartScheduler
                0x0000000000802a04                vTaskEndScheduler
                0x0000000000802a4c                vTaskSuspendAll
                0x0000000000802a78                xTaskResumeAll
                0x0000000000802bdc                xTaskGetTickCount
                0x0000000000802c04                xTaskGetTickCountFromISR
                0x0000000000802c30                uxTaskGetNumberOfTasks
                0x0000000000802c50                pcTaskGetName
                0x0000000000802c90                xTaskIncrementTick
                0x0000000000802e70                vTaskSwitchContext
                0x0000000000802f68                vTaskPlaceOnEventList
                0x0000000000802fb8                vTaskPlaceOnUnorderedEventList
                0x000000000080301c                xTaskRemoveFromEventList
                0x000000000080311c                xTaskRemoveFromUnorderedEventList
                0x0000000000803200                vTaskSetTimeOutState
                0x000000000080323c                xTaskCheckForTimeOut
                0x0000000000803318                vTaskMissedYield
                0x0000000000803528                uxTaskGetStackHighWaterMark
                0x0000000000803634                xTaskGetCurrentTaskHandle
                0x000000000080365c                vTaskPriorityInherit
                0x00000000008037a4                xTaskPriorityDisinherit
                0x00000000008038ac                vTaskEnterCritical
                0x0000000000803900                vTaskExitCritical
                0x0000000000803960                uxTaskResetEventItemValue
                0x00000000008039a4                pvTaskIncrementMutexHeldCount
                0x00000000008039dc                ulTaskNotifyTake
                0x0000000000803a8c                xTaskNotifyWait
                0x0000000000803b80                xTaskGenericNotify
                0x0000000000803d30                xTaskGenericNotifyFromISR
                0x0000000000803f1c                vTaskNotifyGiveFromISR
                0x000000000080404c                xTaskNotifyStateClear
 .text          0x00000000008041ac      0x138 obj/default/src/AdafruitFonts/adafruitFont.o
                0x00000000008041ac                LoadFont
 .text          0x00000000008042e4        0x0 obj/default/src/FONT/font12.o
 .text          0x00000000008042e4        0x0 obj/default/src/FONT/font16.o
 .text          0x00000000008042e4        0x0 obj/default/src/FONT/font20.o
 .text          0x00000000008042e4        0x0 obj/default/src/FONT/font24.o
 .text          0x00000000008042e4     0x15a4 obj/default/src/ILI9341_nios.o
                0x00000000008042e4                get_LCD_DMA_sts
                0x000000000080430c                init_LCD_DMA
                0x000000000080434c                start_LCD_DMA_BitBLT
                0x00000000008043f4                start_LCD_DMA_FILL
                0x0000000000804498                start_LCD_DMA_BufferFill
                0x0000000000804540                init_9341
                0x00000000008049c8                BitBlt_9341
                0x0000000000804b60                BitBlt_9341_GRAY8
                0x0000000000804cc4                Rectangle_9341
                0x0000000000804e1c                Pset_9341
                0x0000000000804ed8                ClearScreen_9341
                0x0000000000804f24                drawVline_9341
                0x0000000000804fb8                drawHline_9341
                0x000000000080504c                drawLine_9341
                0x000000000080578c                Box_9341
 .text          0x0000000000805888       0xd8 obj/default/src/dma.o
                0x0000000000805888                init_DMAMOD
                0x00000000008058cc                startDMA
                0x0000000000805934                getDMAsts
 .text          0x0000000000805960      0x3b8 obj/default/src/ft245_fifo.o
                0x0000000000805960                initFT245mod
                0x0000000000805a00                FT245IRQregist
                0x0000000000805a40                FT245_EnableRxIrq
                0x0000000000805abc                FT245_DisableRxIrq
                0x0000000000805af4                FT245_SendChar
                0x0000000000805b58                FT245_SendBlock
                0x0000000000805c08                FT245_Send_DMA_FIFO
 .text          0x0000000000805d18      0xd5c obj/default/src/grp_lcd.o
                0x0000000000805d18                encodeRGB565
                0x0000000000805da0                glcd_Init
                0x0000000000805dec                glcd_PointSet
                0x0000000000805e44                glcd_drawLine
                0x0000000000805ebc                glcd_drawHline
                0x0000000000805f28                glcd_drawVline
                0x0000000000805f94                glcd_drawRectangle
                0x000000000080600c                glcd_drawRectangleFill
                0x00000000008060bc                glcd_BitBLT
                0x0000000000806130                put_charPattern
                0x00000000008063b8                glcd_put_string_fixed
                0x00000000008065c0                put_charPattern_Adafruit
                0x0000000000806948                glcd_put_string_Adafruit
 .text          0x0000000000806a74      0x130 obj/default/src/pdm_main.o
                0x0000000000806a74                main
 .text          0x0000000000806ba4     0x12d8 obj/default/src/pdm_sub.o
                0x0000000000806ba4                conv_4bit_7segdata
                0x0000000000806cb8                debug_print
                0x0000000000806d1c                InitCom
                0x0000000000806d74                AsciiHex2uint16
                0x0000000000806eac                uint16toAsciiHex
                0x0000000000806f64                AsciiHex2char
                0x000000000080712c                char2AsciiHex
                0x00000000008071f0                CmndSeq
                0x00000000008073b0                HostStsChk
                0x000000000080746c                CommandChk
                0x00000000008077fc                Execute
 .text          0x0000000000807e7c      0x81c obj/default/src/pdmmic.o
                0x0000000000807e7c                init_PDM
                0x0000000000807ee4                enable_PDM
                0x0000000000807f1c                disable_PDM
                0x0000000000807f50                CansellOffset
                0x00000000008081d0                MicCarivration
                0x000000000080851c                getMicData
                0x0000000000808584                setMicGain
                0x0000000000808648                setSampleFreq
 .text          0x0000000000808698      0x194 obj/default/src/task_button.o
                0x0000000000808698                task_button
 .text          0x000000000080882c      0x2d8 obj/default/src/task_com.o
                0x000000000080882c                task_com
 .text          0x0000000000808b04      0x3d0 obj/default/src/task_disp.o
                0x0000000000808b04                disp_debug_str
                0x0000000000808ba4                task_disp
 .text          0x0000000000808ed4      0x16c obj/default/src/task_main.o
                0x0000000000808ed4                task_main
 .text          0x0000000000809040      0x1c4 obj/default/src/task_sns.o
                0x0000000000809040                task_sns
 .text          0x0000000000809204      0x3f8 obj/default/src/wave_img.o
                0x0000000000809204                plotPoint
                0x000000000080928c                DispWaveImg
 .text          0x00000000008095fc        0x0 obj/default/FreeRTOS/Source/portable/GCC/NiosII/port_asm.o
 .text          0x00000000008095fc        0x0 c:/intelfpga_lite/18.1/nios2eds/bin/gnu/h-x86_64-mingw32/bin/../lib/gcc/nios2-elf/5.3.0/../../../../../H-x86_64-mingw32/nios2-elf/lib/mno-hw-mul\libm.a(lib_a-w_pow.o)
 .text.pow      0x00000000008095fc      0x4c4 c:/intelfpga_lite/18.1/nios2eds/bin/gnu/h-x86_64-mingw32/bin/../lib/gcc/nios2-elf/5.3.0/../../../../../H-x86_64-mingw32/nios2-elf/lib/mno-hw-mul\libm.a(lib_a-w_pow.o)
                0x00000000008095fc                pow
 .text          0x0000000000809ac0        0x0 c:/intelfpga_lite/18.1/nios2eds/bin/gnu/h-x86_64-mingw32/bin/../lib/gcc/nios2-elf/5.3.0/../../../../../H-x86_64-mingw32/nios2-elf/lib/mno-hw-mul\libm.a(lib_a-e_pow.o)
 .text.__ieee754_pow
                0x0000000000809ac0     0x10a4 c:/intelfpga_lite/18.1/nios2eds/bin/gnu/h-x86_64-mingw32/bin/../lib/gcc/nios2-elf/5.3.0/../../../../../H-x86_64-mingw32/nios2-elf/lib/mno-hw-mul\libm.a(lib_a-e_pow.o)
                0x0000000000809ac0                __ieee754_pow
 .text          0x000000000080ab64        0x0 c:/intelfpga_lite/18.1/nios2eds/bin/gnu/h-x86_64-mingw32/bin/../lib/gcc/nios2-elf/5.3.0/../../../../../H-x86_64-mingw32/nios2-elf/lib/mno-hw-mul\libm.a(lib_a-e_sqrt.o)
 .text.__ieee754_sqrt
                0x000000000080ab64      0x288 c:/intelfpga_lite/18.1/nios2eds/bin/gnu/h-x86_64-mingw32/bin/../lib/gcc/nios2-elf/5.3.0/../../../../../H-x86_64-mingw32/nios2-elf/lib/mno-hw-mul\libm.a(lib_a-e_sqrt.o)
                0x000000000080ab64                __ieee754_sqrt
 .text          0x000000000080adec        0x0 c:/intelfpga_lite/18.1/nios2eds/bin/gnu/h-x86_64-mingw32/bin/../lib/gcc/nios2-elf/5.3.0/../../../../../H-x86_64-mingw32/nios2-elf/lib/mno-hw-mul\libm.a(lib_a-s_fabs.o)
 .text.fabs     0x000000000080adec       0x14 c:/intelfpga_lite/18.1/nios2eds/bin/gnu/h-x86_64-mingw32/bin/../lib/gcc/nios2-elf/5.3.0/../../../../../H-x86_64-mingw32/nios2-elf/lib/mno-hw-mul\libm.a(lib_a-s_fabs.o)
                0x000000000080adec                fabs
 .text          0x000000000080ae00        0x0 c:/intelfpga_lite/18.1/nios2eds/bin/gnu/h-x86_64-mingw32/bin/../lib/gcc/nios2-elf/5.3.0/../../../../../H-x86_64-mingw32/nios2-elf/lib/mno-hw-mul\libm.a(lib_a-s_finite.o)
 .text.finite   0x000000000080ae00       0x1c c:/intelfpga_lite/18.1/nios2eds/bin/gnu/h-x86_64-mingw32/bin/../lib/gcc/nios2-elf/5.3.0/../../../../../H-x86_64-mingw32/nios2-elf/lib/mno-hw-mul\libm.a(lib_a-s_finite.o)
                0x000000000080ae00                finite
 .text          0x000000000080ae1c        0x0 c:/intelfpga_lite/18.1/nios2eds/bin/gnu/h-x86_64-mingw32/bin/../lib/gcc/nios2-elf/5.3.0/../../../../../H-x86_64-mingw32/nios2-elf/lib/mno-hw-mul\libm.a(lib_a-s_fpclassify.o)
 .text.__fpclassifyd
                0x000000000080ae1c       0x74 c:/intelfpga_lite/18.1/nios2eds/bin/gnu/h-x86_64-mingw32/bin/../lib/gcc/nios2-elf/5.3.0/../../../../../H-x86_64-mingw32/nios2-elf/lib/mno-hw-mul\libm.a(lib_a-s_fpclassify.o)
                0x000000000080ae1c                __fpclassifyd
 .text          0x000000000080ae90        0x0 c:/intelfpga_lite/18.1/nios2eds/bin/gnu/h-x86_64-mingw32/bin/../lib/gcc/nios2-elf/5.3.0/../../../../../H-x86_64-mingw32/nios2-elf/lib/mno-hw-mul\libm.a(lib_a-s_lib_ver.o)
 .text          0x000000000080ae90        0x0 c:/intelfpga_lite/18.1/nios2eds/bin/gnu/h-x86_64-mingw32/bin/../lib/gcc/nios2-elf/5.3.0/../../../../../H-x86_64-mingw32/nios2-elf/lib/mno-hw-mul\libm.a(lib_a-s_matherr.o)
 .text.matherr  0x000000000080ae90        0x8 c:/intelfpga_lite/18.1/nios2eds/bin/gnu/h-x86_64-mingw32/bin/../lib/gcc/nios2-elf/5.3.0/../../../../../H-x86_64-mingw32/nios2-elf/lib/mno-hw-mul\libm.a(lib_a-s_matherr.o)
                0x000000000080ae90                matherr
 .text          0x000000000080ae98        0x0 c:/intelfpga_lite/18.1/nios2eds/bin/gnu/h-x86_64-mingw32/bin/../lib/gcc/nios2-elf/5.3.0/../../../../../H-x86_64-mingw32/nios2-elf/lib/mno-hw-mul\libm.a(lib_a-s_nan.o)
 .text.nan      0x000000000080ae98        0xc c:/intelfpga_lite/18.1/nios2eds/bin/gnu/h-x86_64-mingw32/bin/../lib/gcc/nios2-elf/5.3.0/../../../../../H-x86_64-mingw32/nios2-elf/lib/mno-hw-mul\libm.a(lib_a-s_nan.o)
                0x000000000080ae98                nan
 .text          0x000000000080aea4        0x0 c:/intelfpga_lite/18.1/nios2eds/bin/gnu/h-x86_64-mingw32/bin/../lib/gcc/nios2-elf/5.3.0/../../../../../H-x86_64-mingw32/nios2-elf/lib/mno-hw-mul\libm.a(lib_a-s_rint.o)
 .text.rint     0x000000000080aea4      0x1ec c:/intelfpga_lite/18.1/nios2eds/bin/gnu/h-x86_64-mingw32/bin/../lib/gcc/nios2-elf/5.3.0/../../../../../H-x86_64-mingw32/nios2-elf/lib/mno-hw-mul\libm.a(lib_a-s_rint.o)
                0x000000000080aea4                rint
 .text          0x000000000080b090        0x0 c:/intelfpga_lite/18.1/nios2eds/bin/gnu/h-x86_64-mingw32/bin/../lib/gcc/nios2-elf/5.3.0/../../../../../H-x86_64-mingw32/nios2-elf/lib/mno-hw-mul\libm.a(lib_a-s_scalbn.o)
 .text.scalbn   0x000000000080b090      0x19c c:/intelfpga_lite/18.1/nios2eds/bin/gnu/h-x86_64-mingw32/bin/../lib/gcc/nios2-elf/5.3.0/../../../../../H-x86_64-mingw32/nios2-elf/lib/mno-hw-mul\libm.a(lib_a-s_scalbn.o)
                0x000000000080b090                scalbn
 .text          0x000000000080b22c        0x0 c:/intelfpga_lite/18.1/nios2eds/bin/gnu/h-x86_64-mingw32/bin/../lib/gcc/nios2-elf/5.3.0/../../../../../H-x86_64-mingw32/nios2-elf/lib/mno-hw-mul\libm.a(lib_a-s_copysign.o)
 .text.copysign
                0x000000000080b22c       0x1c c:/intelfpga_lite/18.1/nios2eds/bin/gnu/h-x86_64-mingw32/bin/../lib/gcc/nios2-elf/5.3.0/../../../../../H-x86_64-mingw32/nios2-elf/lib/mno-hw-mul\libm.a(lib_a-s_copysign.o)
                0x000000000080b22c                copysign
 .text          0x000000000080b248       0x28 c:/intelfpga_lite/18.1/nios2eds/bin/gnu/h-x86_64-mingw32/bin/../lib/gcc/nios2-elf/5.3.0/mno-hw-mul\libgcc.a(lib2-mul.o)
                0x000000000080b248                __mulsi3
 .text          0x000000000080b270      0x4c8 c:/intelfpga_lite/18.1/nios2eds/bin/gnu/h-x86_64-mingw32/bin/../lib/gcc/nios2-elf/5.3.0/mno-hw-mul\libgcc.a(addsf3.o)
                0x000000000080b270                __addsf3
 .text          0x000000000080b738      0x440 c:/intelfpga_lite/18.1/nios2eds/bin/gnu/h-x86_64-mingw32/bin/../lib/gcc/nios2-elf/5.3.0/mno-hw-mul\libgcc.a(divsf3.o)
                0x000000000080b738                __divsf3
 .text          0x000000000080bb78       0xbc c:/intelfpga_lite/18.1/nios2eds/bin/gnu/h-x86_64-mingw32/bin/../lib/gcc/nios2-elf/5.3.0/mno-hw-mul\libgcc.a(gesf2.o)
                0x000000000080bb78                __gesf2
                0x000000000080bb78                __gtsf2
 .text          0x000000000080bc34      0x430 c:/intelfpga_lite/18.1/nios2eds/bin/gnu/h-x86_64-mingw32/bin/../lib/gcc/nios2-elf/5.3.0/mno-hw-mul\libgcc.a(mulsf3.o)
                0x000000000080bc34                __mulsf3
 .text          0x000000000080c064      0x4e4 c:/intelfpga_lite/18.1/nios2eds/bin/gnu/h-x86_64-mingw32/bin/../lib/gcc/nios2-elf/5.3.0/mno-hw-mul\libgcc.a(subsf3.o)
                0x000000000080c064                __subsf3
 .text          0x000000000080c548       0x70 c:/intelfpga_lite/18.1/nios2eds/bin/gnu/h-x86_64-mingw32/bin/../lib/gcc/nios2-elf/5.3.0/mno-hw-mul\libgcc.a(fixsfsi.o)
                0x000000000080c548                __fixsfsi
 .text          0x000000000080c5b8      0x124 c:/intelfpga_lite/18.1/nios2eds/bin/gnu/h-x86_64-mingw32/bin/../lib/gcc/nios2-elf/5.3.0/mno-hw-mul\libgcc.a(floatsisf.o)
                0x000000000080c5b8                __floatsisf
 .text          0x000000000080c6dc       0xf0 c:/intelfpga_lite/18.1/nios2eds/bin/gnu/h-x86_64-mingw32/bin/../lib/gcc/nios2-elf/5.3.0/mno-hw-mul\libgcc.a(floatunsisf.o)
                0x000000000080c6dc                __floatunsisf
 .text          0x000000000080c7cc      0x8ac c:/intelfpga_lite/18.1/nios2eds/bin/gnu/h-x86_64-mingw32/bin/../lib/gcc/nios2-elf/5.3.0/mno-hw-mul\libgcc.a(adddf3.o)
                0x000000000080c7cc                __adddf3
 .text          0x000000000080d078      0x9d0 c:/intelfpga_lite/18.1/nios2eds/bin/gnu/h-x86_64-mingw32/bin/../lib/gcc/nios2-elf/5.3.0/mno-hw-mul\libgcc.a(divdf3.o)
                0x000000000080d078                __divdf3
 .text          0x000000000080da48       0x88 c:/intelfpga_lite/18.1/nios2eds/bin/gnu/h-x86_64-mingw32/bin/../lib/gcc/nios2-elf/5.3.0/mno-hw-mul\libgcc.a(eqdf2.o)
                0x000000000080da48                __nedf2
                0x000000000080da48                __eqdf2
 .text          0x000000000080dad0       0xdc c:/intelfpga_lite/18.1/nios2eds/bin/gnu/h-x86_64-mingw32/bin/../lib/gcc/nios2-elf/5.3.0/mno-hw-mul\libgcc.a(gedf2.o)
                0x000000000080dad0                __gedf2
                0x000000000080dad0                __gtdf2
 .text          0x000000000080dbac       0xf4 c:/intelfpga_lite/18.1/nios2eds/bin/gnu/h-x86_64-mingw32/bin/../lib/gcc/nios2-elf/5.3.0/mno-hw-mul\libgcc.a(ledf2.o)
                0x000000000080dbac                __ledf2
                0x000000000080dbac                __ltdf2
 .text          0x000000000080dca0      0x86c c:/intelfpga_lite/18.1/nios2eds/bin/gnu/h-x86_64-mingw32/bin/../lib/gcc/nios2-elf/5.3.0/mno-hw-mul\libgcc.a(muldf3.o)
                0x000000000080dca0                __muldf3
 .text          0x000000000080e50c      0x8fc c:/intelfpga_lite/18.1/nios2eds/bin/gnu/h-x86_64-mingw32/bin/../lib/gcc/nios2-elf/5.3.0/mno-hw-mul\libgcc.a(subdf3.o)
                0x000000000080e50c                __subdf3
 .text          0x000000000080ee08       0x80 c:/intelfpga_lite/18.1/nios2eds/bin/gnu/h-x86_64-mingw32/bin/../lib/gcc/nios2-elf/5.3.0/mno-hw-mul\libgcc.a(fixdfsi.o)
                0x000000000080ee08                __fixdfsi
 .text          0x000000000080ee88       0xdc c:/intelfpga_lite/18.1/nios2eds/bin/gnu/h-x86_64-mingw32/bin/../lib/gcc/nios2-elf/5.3.0/mno-hw-mul\libgcc.a(floatsidf.o)
                0x000000000080ee88                __floatsidf
 .text          0x000000000080ef64      0x110 c:/intelfpga_lite/18.1/nios2eds/bin/gnu/h-x86_64-mingw32/bin/../lib/gcc/nios2-elf/5.3.0/mno-hw-mul\libgcc.a(extendsfdf2.o)
                0x000000000080ef64                __extendsfdf2
 .text          0x000000000080f074      0x1a8 c:/intelfpga_lite/18.1/nios2eds/bin/gnu/h-x86_64-mingw32/bin/../lib/gcc/nios2-elf/5.3.0/mno-hw-mul\libgcc.a(truncdfsf2.o)
                0x000000000080f074                __truncdfsf2
 .text          0x000000000080f21c       0x64 c:/intelfpga_lite/18.1/nios2eds/bin/gnu/h-x86_64-mingw32/bin/../lib/gcc/nios2-elf/5.3.0/mno-hw-mul\libgcc.a(_clzsi2.o)
                0x000000000080f21c                __clzsi2
 .text          0x000000000080f280      0x1b4 c:/intelfpga_lite/18.1/nios2eds/bin/gnu/h-x86_64-mingw32/bin/../lib/gcc/nios2-elf/5.3.0/mno-hw-mul\libgcc.a(lib2-divmod.o)
                0x000000000080f280                __divsi3
                0x000000000080f304                __modsi3
                0x000000000080f378                __udivsi3
                0x000000000080f3dc                __umodsi3
 .text          0x000000000080f434        0x0 c:/intelfpga_lite/18.1/nios2eds/bin/gnu/h-x86_64-mingw32/bin/../lib/gcc/nios2-elf/5.3.0/mno-hw-mul\libgcc.a(_clz.o)
 .text          0x000000000080f434        0x0 c:/intelfpga_lite/18.1/nios2eds/bin/gnu/h-x86_64-mingw32/bin/../lib/gcc/nios2-elf/5.3.0/../../../../../H-x86_64-mingw32/nios2-elf/lib/mno-hw-mul\libc.a(lib_a-errno.o)
 .text.__errno  0x000000000080f434       0x10 c:/intelfpga_lite/18.1/nios2eds/bin/gnu/h-x86_64-mingw32/bin/../lib/gcc/nios2-elf/5.3.0/../../../../../H-x86_64-mingw32/nios2-elf/lib/mno-hw-mul\libc.a(lib_a-errno.o)
                0x000000000080f434                __errno
 .text          0x000000000080f444        0x0 c:/intelfpga_lite/18.1/nios2eds/bin/gnu/h-x86_64-mingw32/bin/../lib/gcc/nios2-elf/5.3.0/../../../../../H-x86_64-mingw32/nios2-elf/lib/mno-hw-mul\libc.a(lib_a-impure.o)
 .text          0x000000000080f444        0x0 c:/intelfpga_lite/18.1/nios2eds/bin/gnu/h-x86_64-mingw32/bin/../lib/gcc/nios2-elf/5.3.0/../../../../../H-x86_64-mingw32/nios2-elf/lib/mno-hw-mul\libc.a(lib_a-memcpy.o)
 .text.memcpy   0x000000000080f444      0x148 c:/intelfpga_lite/18.1/nios2eds/bin/gnu/h-x86_64-mingw32/bin/../lib/gcc/nios2-elf/5.3.0/../../../../../H-x86_64-mingw32/nios2-elf/lib/mno-hw-mul\libc.a(lib_a-memcpy.o)
                0x000000000080f444                memcpy
 .text          0x000000000080f58c        0x0 c:/intelfpga_lite/18.1/nios2eds/bin/gnu/h-x86_64-mingw32/bin/../lib/gcc/nios2-elf/5.3.0/../../../../../H-x86_64-mingw32/nios2-elf/lib/mno-hw-mul\libc.a(lib_a-memset.o)
 .text.memset   0x000000000080f58c      0x128 c:/intelfpga_lite/18.1/nios2eds/bin/gnu/h-x86_64-mingw32/bin/../lib/gcc/nios2-elf/5.3.0/../../../../../H-x86_64-mingw32/nios2-elf/lib/mno-hw-mul\libc.a(lib_a-memset.o)
                0x000000000080f58c                memset
 .text          0x000000000080f6b4      0x1b0 ../pdm_4ch_bsp/\libhal_bsp.a(alt_iic.o)
                0x000000000080f6b4                alt_ic_isr_register
                0x000000000080f704                alt_ic_irq_enable
                0x000000000080f78c                alt_ic_irq_disable
                0x000000000080f818                alt_ic_irq_enabled
 .text          0x000000000080f864        0x0 ../pdm_4ch_bsp/\libhal_bsp.a(alt_irq_handler.o)
 .text          0x000000000080f864        0x0 ../pdm_4ch_bsp/\libhal_bsp.a(alt_irq_vars.o)
 .text          0x000000000080f864       0x7c ../pdm_4ch_bsp/\libhal_bsp.a(alt_main.o)
                0x000000000080f864                alt_main
 .text          0x000000000080f8e0      0x114 ../pdm_4ch_bsp/\libhal_bsp.a(alt_sys_init.o)
                0x000000000080f914                alt_irq_init
                0x000000000080f94c                alt_sys_init
 .text          0x000000000080f9f4      0xbc4 ../pdm_4ch_bsp/\libhal_bsp.a(altera_avalon_dma.o)
                0x000000000080fa5c                alt_avalon_dma_launch_bidir
                0x000000000080ffd0                alt_avalon_dma_tx_ioctl
                0x0000000000810018                alt_avalon_dma_rx_ioctl
                0x0000000000810060                alt_avalon_dma_prepare
                0x0000000000810198                alt_avalon_dma_space
                0x000000000081020c                alt_avalon_dma_send
                0x0000000000810504                alt_avalon_dma_init
 .text          0x00000000008105b8      0x164 ../pdm_4ch_bsp/\libhal_bsp.a(altera_avalon_jtag_uart_fd.o)
                0x00000000008105b8                altera_avalon_jtag_uart_read_fd
                0x0000000000810618                altera_avalon_jtag_uart_write_fd
                0x0000000000810678                altera_avalon_jtag_uart_close_fd
                0x00000000008106c8                altera_avalon_jtag_uart_ioctl_fd
 .text          0x000000000081071c      0x3d4 ../pdm_4ch_bsp/\libhal_bsp.a(altera_avalon_jtag_uart_init.o)
                0x000000000081071c                altera_avalon_jtag_uart_init
                0x0000000000810a88                altera_avalon_jtag_uart_close
 .text          0x0000000000810af0       0xf0 ../pdm_4ch_bsp/\libhal_bsp.a(altera_avalon_jtag_uart_ioctl.o)
                0x0000000000810af0                altera_avalon_jtag_uart_ioctl
 .text          0x0000000000810be0      0x21c ../pdm_4ch_bsp/\libhal_bsp.a(altera_avalon_jtag_uart_read.o)
                0x0000000000810be0                altera_avalon_jtag_uart_read
 .text          0x0000000000810dfc      0x224 ../pdm_4ch_bsp/\libhal_bsp.a(altera_avalon_jtag_uart_write.o)
                0x0000000000810dfc                altera_avalon_jtag_uart_write
 .text          0x0000000000811020       0xf4 ../pdm_4ch_bsp/\libhal_bsp.a(altera_avalon_timer_sc.o)
                0x0000000000811098                alt_avalon_timer_sc_init
 .text          0x0000000000811114      0x12c ../pdm_4ch_bsp/\libhal_bsp.a(alt_alarm_start.o)
                0x0000000000811114                alt_alarm_start
 .text          0x0000000000811240      0x114 ../pdm_4ch_bsp/\libhal_bsp.a(alt_close.o)
                0x000000000081127c                close
 .text          0x0000000000811354       0x2c ../pdm_4ch_bsp/\libhal_bsp.a(alt_dev.o)
 .text          0x0000000000811380       0xe0 ../pdm_4ch_bsp/\libhal_bsp.a(alt_dev_llist_insert.o)
                0x00000000008113bc                alt_dev_llist_insert
 .text          0x0000000000811460       0x90 ../pdm_4ch_bsp/\libhal_bsp.a(alt_dma_rxchan_open.o)
                0x000000000081149c                alt_dma_rxchan_open
 .text          0x00000000008114f0       0x90 ../pdm_4ch_bsp/\libhal_bsp.a(alt_dma_txchan_open.o)
                0x000000000081152c                alt_dma_txchan_open
 .text          0x0000000000811580       0x60 ../pdm_4ch_bsp/\libhal_bsp.a(alt_do_ctors.o)
                0x0000000000811580                _do_ctors
 .text          0x00000000008115e0       0x60 ../pdm_4ch_bsp/\libhal_bsp.a(alt_do_dtors.o)
                0x00000000008115e0                _do_dtors
 .text          0x0000000000811640        0x0 ../pdm_4ch_bsp/\libhal_bsp.a(alt_errno.o)
 .text          0x0000000000811640       0x90 ../pdm_4ch_bsp/\libhal_bsp.a(alt_find_dev.o)
                0x0000000000811640                alt_find_dev
 .text          0x00000000008116d0      0x160 ../pdm_4ch_bsp/\libhal_bsp.a(alt_io_redirect.o)
                0x00000000008117b4                alt_io_redirect
 .text          0x0000000000811830      0x284 ../pdm_4ch_bsp/\libhal_bsp.a(alt_open.o)
                0x0000000000811958                open
 .text          0x0000000000811ab4       0x84 ../pdm_4ch_bsp/\libhal_bsp.a(alt_release_fd.o)
                0x0000000000811ab4                alt_release_fd
 .text          0x0000000000811b38      0x1a4 ../pdm_4ch_bsp/\libhal_bsp.a(alt_tick.o)
                0x0000000000811b38                alt_alarm_stop
                0x0000000000811bd4                alt_tick
 .text          0x0000000000811cdc       0x24 ../pdm_4ch_bsp/\libhal_bsp.a(altera_nios2_gen2_irq.o)
                0x0000000000811cdc                altera_nios2_gen2_irq_init
 .text          0x0000000000811d00      0x108 ../pdm_4ch_bsp/\libhal_bsp.a(alt_find_file.o)
                0x0000000000811d00                alt_find_file
 .text          0x0000000000811e08       0xc4 ../pdm_4ch_bsp/\libhal_bsp.a(alt_get_fd.o)
                0x0000000000811e08                alt_get_fd
 .text          0x0000000000811ecc        0x0 c:/intelfpga_lite/18.1/nios2eds/bin/gnu/h-x86_64-mingw32/bin/../lib/gcc/nios2-elf/5.3.0/../../../../../H-x86_64-mingw32/nios2-elf/lib/mno-hw-mul\libc.a(lib_a-atexit.o)
 .text.atexit   0x0000000000811ecc       0x14 c:/intelfpga_lite/18.1/nios2eds/bin/gnu/h-x86_64-mingw32/bin/../lib/gcc/nios2-elf/5.3.0/../../../../../H-x86_64-mingw32/nios2-elf/lib/mno-hw-mul\libc.a(lib_a-atexit.o)
                0x0000000000811ecc                atexit
 .text          0x0000000000811ee0        0x0 c:/intelfpga_lite/18.1/nios2eds/bin/gnu/h-x86_64-mingw32/bin/../lib/gcc/nios2-elf/5.3.0/../../../../../H-x86_64-mingw32/nios2-elf/lib/mno-hw-mul\libc.a(lib_a-exit.o)
 .text.exit     0x0000000000811ee0       0x38 c:/intelfpga_lite/18.1/nios2eds/bin/gnu/h-x86_64-mingw32/bin/../lib/gcc/nios2-elf/5.3.0/../../../../../H-x86_64-mingw32/nios2-elf/lib/mno-hw-mul\libc.a(lib_a-exit.o)
                0x0000000000811ee0                exit
 .text          0x0000000000811f18        0x0 c:/intelfpga_lite/18.1/nios2eds/bin/gnu/h-x86_64-mingw32/bin/../lib/gcc/nios2-elf/5.3.0/../../../../../H-x86_64-mingw32/nios2-elf/lib/mno-hw-mul\libc.a(lib_a-int_errno.o)
 .text          0x0000000000811f18        0x0 c:/intelfpga_lite/18.1/nios2eds/bin/gnu/h-x86_64-mingw32/bin/../lib/gcc/nios2-elf/5.3.0/../../../../../H-x86_64-mingw32/nios2-elf/lib/mno-hw-mul\libc.a(lib_a-memcmp.o)
 .text.memcmp   0x0000000000811f18       0x7c c:/intelfpga_lite/18.1/nios2eds/bin/gnu/h-x86_64-mingw32/bin/../lib/gcc/nios2-elf/5.3.0/../../../../../H-x86_64-mingw32/nios2-elf/lib/mno-hw-mul\libc.a(lib_a-memcmp.o)
                0x0000000000811f18                memcmp
 .text          0x0000000000811f94        0x0 c:/intelfpga_lite/18.1/nios2eds/bin/gnu/h-x86_64-mingw32/bin/../lib/gcc/nios2-elf/5.3.0/../../../../../H-x86_64-mingw32/nios2-elf/lib/mno-hw-mul\libc.a(lib_a-strlen.o)
 .text.strlen   0x0000000000811f94       0x98 c:/intelfpga_lite/18.1/nios2eds/bin/gnu/h-x86_64-mingw32/bin/../lib/gcc/nios2-elf/5.3.0/../../../../../H-x86_64-mingw32/nios2-elf/lib/mno-hw-mul\libc.a(lib_a-strlen.o)
                0x0000000000811f94                strlen
 .text          0x000000000081202c        0x0 c:/intelfpga_lite/18.1/nios2eds/bin/gnu/h-x86_64-mingw32/bin/../lib/gcc/nios2-elf/5.3.0/../../../../../H-x86_64-mingw32/nios2-elf/lib/mno-hw-mul\libc.a(lib_a-__atexit.o)
 .text.__register_exitproc
                0x000000000081202c      0x118 c:/intelfpga_lite/18.1/nios2eds/bin/gnu/h-x86_64-mingw32/bin/../lib/gcc/nios2-elf/5.3.0/../../../../../H-x86_64-mingw32/nios2-elf/lib/mno-hw-mul\libc.a(lib_a-__atexit.o)
                0x000000000081202c                __register_exitproc
 .text          0x0000000000812144        0x0 c:/intelfpga_lite/18.1/nios2eds/bin/gnu/h-x86_64-mingw32/bin/../lib/gcc/nios2-elf/5.3.0/../../../../../H-x86_64-mingw32/nios2-elf/lib/mno-hw-mul\libc.a(lib_a-__call_atexit.o)
 .text.__call_exitprocs
                0x0000000000812144      0x180 c:/intelfpga_lite/18.1/nios2eds/bin/gnu/h-x86_64-mingw32/bin/../lib/gcc/nios2-elf/5.3.0/../../../../../H-x86_64-mingw32/nios2-elf/lib/mno-hw-mul\libc.a(lib_a-__call_atexit.o)
                0x0000000000812144                __call_exitprocs
 .text          0x00000000008122c4       0x34 ../pdm_4ch_bsp/\libhal_bsp.a(alt_exit.o)
                0x00000000008122c4                _exit
 *(.gnu.warning.*)
 *(.fini)
                [!provide]                        PROVIDE (__etext, ABSOLUTE (.))
                [!provide]                        PROVIDE (_etext, ABSOLUTE (.))
                [!provide]                        PROVIDE (etext, ABSOLUTE (.))
 *(.eh_frame_hdr)
                0x00000000008122f8                . = ALIGN (0x4)
                [!provide]                        PROVIDE (__preinit_array_start, ABSOLUTE (.))
 *(.preinit_array)
                [!provide]                        PROVIDE (__preinit_array_end, ABSOLUTE (.))
                [!provide]                        PROVIDE (__init_array_start, ABSOLUTE (.))
 *(.init_array)
                [!provide]                        PROVIDE (__init_array_end, ABSOLUTE (.))
                [!provide]                        PROVIDE (__fini_array_start, ABSOLUTE (.))
 *(.fini_array)
                [!provide]                        PROVIDE (__fini_array_end, ABSOLUTE (.))
 *(.eh_frame)
 *(.gcc_except_table .gcc_except_table.*)
 *(.dynamic)
                0x00000000008122f8                PROVIDE (__CTOR_LIST__, ABSOLUTE (.))
 *(.ctors)
 *(SORT(.ctors.*))
                0x00000000008122f8                PROVIDE (__CTOR_END__, ABSOLUTE (.))
                0x00000000008122f8                PROVIDE (__DTOR_LIST__, ABSOLUTE (.))
 *(.dtors)
 *(SORT(.dtors.*))
                0x00000000008122f8                PROVIDE (__DTOR_END__, ABSOLUTE (.))
 *(.jcr)
                0x00000000008122f8                . = ALIGN (0x4)

.rodata         0x00000000008122f8     0x7a04
                [!provide]                        PROVIDE (__ram_rodata_start, ABSOLUTE (.))
                0x00000000008122f8                . = ALIGN (0x4)
 *(.rodata .rodata.* .gnu.linkonce.r.*)
 .rodata        0x00000000008122f8        0x5 obj/default/FreeRTOS/Source/tasks.o
 *fill*         0x00000000008122fd        0x3 
 .rodata        0x0000000000812300     0x3dc5 obj/default/src/AdafruitFonts/adafruitFont.o
                0x0000000000812300                FreeMono9pt7bBitmaps
                0x000000000081264c                FreeMono9pt7bGlyphs
                0x0000000000812944                FreeMono9pt7b
                0x0000000000812950                FreeMonoBold18pt7bBitmaps
                0x0000000000813836                FreeMonoBold18pt7bGlyphs
                0x0000000000813b30                FreeMonoBold18pt7b
                0x0000000000813b3c                FreeSans18pt7bBitmaps
                0x0000000000814b7c                FreeSans18pt7bGlyphs
                0x0000000000814e74                FreeSans18pt7b
                0x0000000000814e80                FreeSerif18pt7bBitmaps
                0x0000000000815dae                FreeSerif18pt7bGlyphs
                0x00000000008160a8                FreeSerif18pt7b
 .rodata        0x00000000008160c5      0x474 obj/default/src/FONT/font12.o
                0x00000000008160c5                Font12_Table
 .rodata        0x0000000000816539      0xbe0 obj/default/src/FONT/font16.o
                0x0000000000816539                Font16_Table
 .rodata        0x0000000000817119      0xed8 obj/default/src/FONT/font20.o
                0x0000000000817119                Font20_Table
 .rodata        0x0000000000817ff1     0x1ab8 obj/default/src/FONT/font24.o
                0x0000000000817ff1                Font24_Table
 *fill*         0x0000000000819aa9        0x3 
 .rodata        0x0000000000819aac       0x2c obj/default/src/pdm_main.o
 .rodata        0x0000000000819ad8       0x4a obj/default/src/pdm_sub.o
 *fill*         0x0000000000819b22        0x2 
 .rodata        0x0000000000819b24       0x73 obj/default/src/task_sns.o
 *fill*         0x0000000000819b97        0x1 
 .rodata.str1.4
                0x0000000000819b98        0x4 c:/intelfpga_lite/18.1/nios2eds/bin/gnu/h-x86_64-mingw32/bin/../lib/gcc/nios2-elf/5.3.0/../../../../../H-x86_64-mingw32/nios2-elf/lib/mno-hw-mul\libm.a(lib_a-w_pow.o)
 .rodata.str1.4
                0x0000000000819b9c        0x1 c:/intelfpga_lite/18.1/nios2eds/bin/gnu/h-x86_64-mingw32/bin/../lib/gcc/nios2-elf/5.3.0/../../../../../H-x86_64-mingw32/nios2-elf/lib/mno-hw-mul\libm.a(lib_a-e_pow.o)
 *fill*         0x0000000000819b9d        0x3 
 .rodata.TWO52  0x0000000000819ba0       0x10 c:/intelfpga_lite/18.1/nios2eds/bin/gnu/h-x86_64-mingw32/bin/../lib/gcc/nios2-elf/5.3.0/../../../../../H-x86_64-mingw32/nios2-elf/lib/mno-hw-mul\libm.a(lib_a-s_rint.o)
 .rodata        0x0000000000819bb0      0x100 c:/intelfpga_lite/18.1/nios2eds/bin/gnu/h-x86_64-mingw32/bin/../lib/gcc/nios2-elf/5.3.0/mno-hw-mul\libgcc.a(_clz.o)
                0x0000000000819bb0                __clz_tab
 .rodata.str1.4
                0x0000000000819cb0        0x4 c:/intelfpga_lite/18.1/nios2eds/bin/gnu/h-x86_64-mingw32/bin/../lib/gcc/nios2-elf/5.3.0/../../../../../H-x86_64-mingw32/nios2-elf/lib/mno-hw-mul\libc.a(lib_a-impure.o)
                                          0x2 (size before relaxing)
 .rodata        0x0000000000819cb4        0xf ../pdm_4ch_bsp/\libhal_bsp.a(alt_main.o)
 *fill*         0x0000000000819cc3        0x1 
 .rodata        0x0000000000819cc4       0x2b ../pdm_4ch_bsp/\libhal_bsp.a(alt_sys_init.o)
 *fill*         0x0000000000819cef        0x1 
 .rodata        0x0000000000819cf0        0xa ../pdm_4ch_bsp/\libhal_bsp.a(alt_dev.o)
 *(.rodata1)
                0x0000000000819cfc                . = ALIGN (0x4)
 *fill*         0x0000000000819cfa        0x2 
                [!provide]                        PROVIDE (__ram_rodata_end, ABSOLUTE (.))
                [!provide]                        PROVIDE (__flash_rodata_start, LOADADDR (.rodata))

.rwdata         0x0000000000819cfc     0x1864
                [!provide]                        PROVIDE (__ram_rwdata_start, ABSOLUTE (.))
                0x0000000000819cfc                . = ALIGN (0x4)
 *(.got.plt)
 *(.got)
 *(.data1)
 *(.data .data.* .gnu.linkonce.d.*)
 .data          0x0000000000819cfc        0x0 ../pdm_4ch_bsp//obj/HAL/src/crt0.o
 .data          0x0000000000819cfc        0x0 obj/default/FreeRTOS/Source/list.o
 .data          0x0000000000819cfc        0x0 obj/default/FreeRTOS/Source/portable/GCC/NiosII/port.o
 .data          0x0000000000819cfc        0x0 obj/default/FreeRTOS/Source/portable/MemMang/heap_2.o
 .data          0x0000000000819cfc        0x0 obj/default/FreeRTOS/Source/queue.o
 .data          0x0000000000819cfc        0x0 obj/default/FreeRTOS/Source/tasks.o
 .data          0x0000000000819cfc        0x0 obj/default/src/AdafruitFonts/adafruitFont.o
 .data          0x0000000000819cfc        0x0 obj/default/src/FONT/font12.o
 .data          0x0000000000819cfc        0x0 obj/default/src/FONT/font16.o
 .data          0x0000000000819cfc        0x0 obj/default/src/FONT/font20.o
 .data          0x0000000000819cfc        0x0 obj/default/src/FONT/font24.o
 .data          0x0000000000819cfc        0x0 obj/default/src/ILI9341_nios.o
 .data          0x0000000000819cfc        0x0 obj/default/src/dma.o
 .data          0x0000000000819cfc        0x0 obj/default/src/ft245_fifo.o
 .data          0x0000000000819cfc        0x0 obj/default/src/grp_lcd.o
 .data          0x0000000000819cfc        0x0 obj/default/src/pdm_main.o
 .data          0x0000000000819cfc        0x0 obj/default/src/pdm_sub.o
 .data          0x0000000000819cfc        0x0 obj/default/src/pdmmic.o
 .data          0x0000000000819cfc        0x0 obj/default/src/task_button.o
 .data          0x0000000000819cfc        0x0 obj/default/src/task_com.o
 .data          0x0000000000819cfc        0x0 obj/default/src/task_disp.o
 .data          0x0000000000819cfc        0x0 obj/default/src/task_main.o
 .data          0x0000000000819cfc        0x0 obj/default/src/task_sns.o
 .data          0x0000000000819cfc        0x0 obj/default/src/wave_img.o
 .data          0x0000000000819cfc        0x0 obj/default/FreeRTOS/Source/portable/GCC/NiosII/port_asm.o
 .data          0x0000000000819cfc        0x0 c:/intelfpga_lite/18.1/nios2eds/bin/gnu/h-x86_64-mingw32/bin/../lib/gcc/nios2-elf/5.3.0/../../../../../H-x86_64-mingw32/nios2-elf/lib/mno-hw-mul\libm.a(lib_a-w_pow.o)
 .data          0x0000000000819cfc        0x0 c:/intelfpga_lite/18.1/nios2eds/bin/gnu/h-x86_64-mingw32/bin/../lib/gcc/nios2-elf/5.3.0/../../../../../H-x86_64-mingw32/nios2-elf/lib/mno-hw-mul\libm.a(lib_a-e_pow.o)
 .data          0x0000000000819cfc        0x0 c:/intelfpga_lite/18.1/nios2eds/bin/gnu/h-x86_64-mingw32/bin/../lib/gcc/nios2-elf/5.3.0/../../../../../H-x86_64-mingw32/nios2-elf/lib/mno-hw-mul\libm.a(lib_a-e_sqrt.o)
 .data          0x0000000000819cfc        0x0 c:/intelfpga_lite/18.1/nios2eds/bin/gnu/h-x86_64-mingw32/bin/../lib/gcc/nios2-elf/5.3.0/../../../../../H-x86_64-mingw32/nios2-elf/lib/mno-hw-mul\libm.a(lib_a-s_fabs.o)
 .data          0x0000000000819cfc        0x0 c:/intelfpga_lite/18.1/nios2eds/bin/gnu/h-x86_64-mingw32/bin/../lib/gcc/nios2-elf/5.3.0/../../../../../H-x86_64-mingw32/nios2-elf/lib/mno-hw-mul\libm.a(lib_a-s_finite.o)
 .data          0x0000000000819cfc        0x0 c:/intelfpga_lite/18.1/nios2eds/bin/gnu/h-x86_64-mingw32/bin/../lib/gcc/nios2-elf/5.3.0/../../../../../H-x86_64-mingw32/nios2-elf/lib/mno-hw-mul\libm.a(lib_a-s_fpclassify.o)
 .data          0x0000000000819cfc        0x0 c:/intelfpga_lite/18.1/nios2eds/bin/gnu/h-x86_64-mingw32/bin/../lib/gcc/nios2-elf/5.3.0/../../../../../H-x86_64-mingw32/nios2-elf/lib/mno-hw-mul\libm.a(lib_a-s_lib_ver.o)
 .data          0x0000000000819cfc        0x0 c:/intelfpga_lite/18.1/nios2eds/bin/gnu/h-x86_64-mingw32/bin/../lib/gcc/nios2-elf/5.3.0/../../../../../H-x86_64-mingw32/nios2-elf/lib/mno-hw-mul\libm.a(lib_a-s_matherr.o)
 .data          0x0000000000819cfc        0x0 c:/intelfpga_lite/18.1/nios2eds/bin/gnu/h-x86_64-mingw32/bin/../lib/gcc/nios2-elf/5.3.0/../../../../../H-x86_64-mingw32/nios2-elf/lib/mno-hw-mul\libm.a(lib_a-s_nan.o)
 .data          0x0000000000819cfc        0x0 c:/intelfpga_lite/18.1/nios2eds/bin/gnu/h-x86_64-mingw32/bin/../lib/gcc/nios2-elf/5.3.0/../../../../../H-x86_64-mingw32/nios2-elf/lib/mno-hw-mul\libm.a(lib_a-s_rint.o)
 .data          0x0000000000819cfc        0x0 c:/intelfpga_lite/18.1/nios2eds/bin/gnu/h-x86_64-mingw32/bin/../lib/gcc/nios2-elf/5.3.0/../../../../../H-x86_64-mingw32/nios2-elf/lib/mno-hw-mul\libm.a(lib_a-s_scalbn.o)
 .data          0x0000000000819cfc        0x0 c:/intelfpga_lite/18.1/nios2eds/bin/gnu/h-x86_64-mingw32/bin/../lib/gcc/nios2-elf/5.3.0/../../../../../H-x86_64-mingw32/nios2-elf/lib/mno-hw-mul\libm.a(lib_a-s_copysign.o)
 .data          0x0000000000819cfc        0x0 c:/intelfpga_lite/18.1/nios2eds/bin/gnu/h-x86_64-mingw32/bin/../lib/gcc/nios2-elf/5.3.0/mno-hw-mul\libgcc.a(lib2-mul.o)
 .data          0x0000000000819cfc        0x0 c:/intelfpga_lite/18.1/nios2eds/bin/gnu/h-x86_64-mingw32/bin/../lib/gcc/nios2-elf/5.3.0/mno-hw-mul\libgcc.a(addsf3.o)
 .data          0x0000000000819cfc        0x0 c:/intelfpga_lite/18.1/nios2eds/bin/gnu/h-x86_64-mingw32/bin/../lib/gcc/nios2-elf/5.3.0/mno-hw-mul\libgcc.a(divsf3.o)
 .data          0x0000000000819cfc        0x0 c:/intelfpga_lite/18.1/nios2eds/bin/gnu/h-x86_64-mingw32/bin/../lib/gcc/nios2-elf/5.3.0/mno-hw-mul\libgcc.a(gesf2.o)
 .data          0x0000000000819cfc        0x0 c:/intelfpga_lite/18.1/nios2eds/bin/gnu/h-x86_64-mingw32/bin/../lib/gcc/nios2-elf/5.3.0/mno-hw-mul\libgcc.a(mulsf3.o)
 .data          0x0000000000819cfc        0x0 c:/intelfpga_lite/18.1/nios2eds/bin/gnu/h-x86_64-mingw32/bin/../lib/gcc/nios2-elf/5.3.0/mno-hw-mul\libgcc.a(subsf3.o)
 .data          0x0000000000819cfc        0x0 c:/intelfpga_lite/18.1/nios2eds/bin/gnu/h-x86_64-mingw32/bin/../lib/gcc/nios2-elf/5.3.0/mno-hw-mul\libgcc.a(fixsfsi.o)
 .data          0x0000000000819cfc        0x0 c:/intelfpga_lite/18.1/nios2eds/bin/gnu/h-x86_64-mingw32/bin/../lib/gcc/nios2-elf/5.3.0/mno-hw-mul\libgcc.a(floatsisf.o)
 .data          0x0000000000819cfc        0x0 c:/intelfpga_lite/18.1/nios2eds/bin/gnu/h-x86_64-mingw32/bin/../lib/gcc/nios2-elf/5.3.0/mno-hw-mul\libgcc.a(floatunsisf.o)
 .data          0x0000000000819cfc        0x0 c:/intelfpga_lite/18.1/nios2eds/bin/gnu/h-x86_64-mingw32/bin/../lib/gcc/nios2-elf/5.3.0/mno-hw-mul\libgcc.a(adddf3.o)
 .data          0x0000000000819cfc        0x0 c:/intelfpga_lite/18.1/nios2eds/bin/gnu/h-x86_64-mingw32/bin/../lib/gcc/nios2-elf/5.3.0/mno-hw-mul\libgcc.a(divdf3.o)
 .data          0x0000000000819cfc        0x0 c:/intelfpga_lite/18.1/nios2eds/bin/gnu/h-x86_64-mingw32/bin/../lib/gcc/nios2-elf/5.3.0/mno-hw-mul\libgcc.a(eqdf2.o)
 .data          0x0000000000819cfc        0x0 c:/intelfpga_lite/18.1/nios2eds/bin/gnu/h-x86_64-mingw32/bin/../lib/gcc/nios2-elf/5.3.0/mno-hw-mul\libgcc.a(gedf2.o)
 .data          0x0000000000819cfc        0x0 c:/intelfpga_lite/18.1/nios2eds/bin/gnu/h-x86_64-mingw32/bin/../lib/gcc/nios2-elf/5.3.0/mno-hw-mul\libgcc.a(ledf2.o)
 .data          0x0000000000819cfc        0x0 c:/intelfpga_lite/18.1/nios2eds/bin/gnu/h-x86_64-mingw32/bin/../lib/gcc/nios2-elf/5.3.0/mno-hw-mul\libgcc.a(muldf3.o)
 .data          0x0000000000819cfc        0x0 c:/intelfpga_lite/18.1/nios2eds/bin/gnu/h-x86_64-mingw32/bin/../lib/gcc/nios2-elf/5.3.0/mno-hw-mul\libgcc.a(subdf3.o)
 .data          0x0000000000819cfc        0x0 c:/intelfpga_lite/18.1/nios2eds/bin/gnu/h-x86_64-mingw32/bin/../lib/gcc/nios2-elf/5.3.0/mno-hw-mul\libgcc.a(fixdfsi.o)
 .data          0x0000000000819cfc        0x0 c:/intelfpga_lite/18.1/nios2eds/bin/gnu/h-x86_64-mingw32/bin/../lib/gcc/nios2-elf/5.3.0/mno-hw-mul\libgcc.a(floatsidf.o)
 .data          0x0000000000819cfc        0x0 c:/intelfpga_lite/18.1/nios2eds/bin/gnu/h-x86_64-mingw32/bin/../lib/gcc/nios2-elf/5.3.0/mno-hw-mul\libgcc.a(extendsfdf2.o)
 .data          0x0000000000819cfc        0x0 c:/intelfpga_lite/18.1/nios2eds/bin/gnu/h-x86_64-mingw32/bin/../lib/gcc/nios2-elf/5.3.0/mno-hw-mul\libgcc.a(truncdfsf2.o)
 .data          0x0000000000819cfc        0x0 c:/intelfpga_lite/18.1/nios2eds/bin/gnu/h-x86_64-mingw32/bin/../lib/gcc/nios2-elf/5.3.0/mno-hw-mul\libgcc.a(_clzsi2.o)
 .data          0x0000000000819cfc        0x0 c:/intelfpga_lite/18.1/nios2eds/bin/gnu/h-x86_64-mingw32/bin/../lib/gcc/nios2-elf/5.3.0/mno-hw-mul\libgcc.a(lib2-divmod.o)
 .data          0x0000000000819cfc        0x0 c:/intelfpga_lite/18.1/nios2eds/bin/gnu/h-x86_64-mingw32/bin/../lib/gcc/nios2-elf/5.3.0/mno-hw-mul\libgcc.a(_clz.o)
 .data          0x0000000000819cfc        0x0 c:/intelfpga_lite/18.1/nios2eds/bin/gnu/h-x86_64-mingw32/bin/../lib/gcc/nios2-elf/5.3.0/../../../../../H-x86_64-mingw32/nios2-elf/lib/mno-hw-mul\libc.a(lib_a-errno.o)
 .data          0x0000000000819cfc        0x0 c:/intelfpga_lite/18.1/nios2eds/bin/gnu/h-x86_64-mingw32/bin/../lib/gcc/nios2-elf/5.3.0/../../../../../H-x86_64-mingw32/nios2-elf/lib/mno-hw-mul\libc.a(lib_a-impure.o)
 .data.impure_data
                0x0000000000819cfc      0x424 c:/intelfpga_lite/18.1/nios2eds/bin/gnu/h-x86_64-mingw32/bin/../lib/gcc/nios2-elf/5.3.0/../../../../../H-x86_64-mingw32/nios2-elf/lib/mno-hw-mul\libc.a(lib_a-impure.o)
 .data          0x000000000081a120        0x0 c:/intelfpga_lite/18.1/nios2eds/bin/gnu/h-x86_64-mingw32/bin/../lib/gcc/nios2-elf/5.3.0/../../../../../H-x86_64-mingw32/nios2-elf/lib/mno-hw-mul\libc.a(lib_a-memcpy.o)
 .data          0x000000000081a120        0x0 c:/intelfpga_lite/18.1/nios2eds/bin/gnu/h-x86_64-mingw32/bin/../lib/gcc/nios2-elf/5.3.0/../../../../../H-x86_64-mingw32/nios2-elf/lib/mno-hw-mul\libc.a(lib_a-memset.o)
 .data          0x000000000081a120        0x0 ../pdm_4ch_bsp/\libhal_bsp.a(alt_iic.o)
 .data          0x000000000081a120        0x0 ../pdm_4ch_bsp/\libhal_bsp.a(alt_irq_handler.o)
 .data          0x000000000081a120        0x0 ../pdm_4ch_bsp/\libhal_bsp.a(alt_irq_vars.o)
 .data          0x000000000081a120        0x0 ../pdm_4ch_bsp/\libhal_bsp.a(alt_main.o)
 .data          0x000000000081a120     0x1218 ../pdm_4ch_bsp/\libhal_bsp.a(alt_sys_init.o)
 .data          0x000000000081b338        0x0 ../pdm_4ch_bsp/\libhal_bsp.a(altera_avalon_dma.o)
 .data          0x000000000081b338        0x0 ../pdm_4ch_bsp/\libhal_bsp.a(altera_avalon_jtag_uart_fd.o)
 .data          0x000000000081b338        0x0 ../pdm_4ch_bsp/\libhal_bsp.a(altera_avalon_jtag_uart_init.o)
 .data          0x000000000081b338        0x0 ../pdm_4ch_bsp/\libhal_bsp.a(altera_avalon_jtag_uart_ioctl.o)
 .data          0x000000000081b338        0x0 ../pdm_4ch_bsp/\libhal_bsp.a(altera_avalon_jtag_uart_read.o)
 .data          0x000000000081b338        0x0 ../pdm_4ch_bsp/\libhal_bsp.a(altera_avalon_jtag_uart_write.o)
 .data          0x000000000081b338        0x0 ../pdm_4ch_bsp/\libhal_bsp.a(altera_avalon_timer_sc.o)
 .data          0x000000000081b338        0x0 ../pdm_4ch_bsp/\libhal_bsp.a(alt_alarm_start.o)
 .data          0x000000000081b338        0x0 ../pdm_4ch_bsp/\libhal_bsp.a(alt_close.o)
 .data          0x000000000081b338      0x1a8 ../pdm_4ch_bsp/\libhal_bsp.a(alt_dev.o)
                0x000000000081b338                alt_dev_null
                0x000000000081b360                alt_fd_list
 .data          0x000000000081b4e0        0x0 ../pdm_4ch_bsp/\libhal_bsp.a(alt_dev_llist_insert.o)
 .data          0x000000000081b4e0        0x0 ../pdm_4ch_bsp/\libhal_bsp.a(alt_dma_rxchan_open.o)
 .data          0x000000000081b4e0        0x0 ../pdm_4ch_bsp/\libhal_bsp.a(alt_dma_txchan_open.o)
 .data          0x000000000081b4e0        0x0 ../pdm_4ch_bsp/\libhal_bsp.a(alt_do_ctors.o)
 .data          0x000000000081b4e0        0x0 ../pdm_4ch_bsp/\libhal_bsp.a(alt_do_dtors.o)
 .data          0x000000000081b4e0        0x0 ../pdm_4ch_bsp/\libhal_bsp.a(alt_errno.o)
 .data          0x000000000081b4e0        0x0 ../pdm_4ch_bsp/\libhal_bsp.a(alt_find_dev.o)
 .data          0x000000000081b4e0        0x0 ../pdm_4ch_bsp/\libhal_bsp.a(alt_io_redirect.o)
 .data          0x000000000081b4e0        0x0 ../pdm_4ch_bsp/\libhal_bsp.a(alt_open.o)
 .data          0x000000000081b4e0        0x0 ../pdm_4ch_bsp/\libhal_bsp.a(alt_release_fd.o)
 .data          0x000000000081b4e0        0x0 ../pdm_4ch_bsp/\libhal_bsp.a(alt_tick.o)
 .data          0x000000000081b4e0        0x0 ../pdm_4ch_bsp/\libhal_bsp.a(altera_nios2_gen2_irq.o)
 .data          0x000000000081b4e0        0x0 ../pdm_4ch_bsp/\libhal_bsp.a(alt_find_file.o)
 .data          0x000000000081b4e0        0x0 ../pdm_4ch_bsp/\libhal_bsp.a(alt_get_fd.o)
 .data          0x000000000081b4e0        0x0 c:/intelfpga_lite/18.1/nios2eds/bin/gnu/h-x86_64-mingw32/bin/../lib/gcc/nios2-elf/5.3.0/../../../../../H-x86_64-mingw32/nios2-elf/lib/mno-hw-mul\libc.a(lib_a-atexit.o)
 .data          0x000000000081b4e0        0x0 c:/intelfpga_lite/18.1/nios2eds/bin/gnu/h-x86_64-mingw32/bin/../lib/gcc/nios2-elf/5.3.0/../../../../../H-x86_64-mingw32/nios2-elf/lib/mno-hw-mul\libc.a(lib_a-exit.o)
 .data          0x000000000081b4e0        0x0 c:/intelfpga_lite/18.1/nios2eds/bin/gnu/h-x86_64-mingw32/bin/../lib/gcc/nios2-elf/5.3.0/../../../../../H-x86_64-mingw32/nios2-elf/lib/mno-hw-mul\libc.a(lib_a-int_errno.o)
 .data          0x000000000081b4e0        0x0 c:/intelfpga_lite/18.1/nios2eds/bin/gnu/h-x86_64-mingw32/bin/../lib/gcc/nios2-elf/5.3.0/../../../../../H-x86_64-mingw32/nios2-elf/lib/mno-hw-mul\libc.a(lib_a-memcmp.o)
 .data          0x000000000081b4e0        0x0 c:/intelfpga_lite/18.1/nios2eds/bin/gnu/h-x86_64-mingw32/bin/../lib/gcc/nios2-elf/5.3.0/../../../../../H-x86_64-mingw32/nios2-elf/lib/mno-hw-mul\libc.a(lib_a-strlen.o)
 .data          0x000000000081b4e0        0x0 c:/intelfpga_lite/18.1/nios2eds/bin/gnu/h-x86_64-mingw32/bin/../lib/gcc/nios2-elf/5.3.0/../../../../../H-x86_64-mingw32/nios2-elf/lib/mno-hw-mul\libc.a(lib_a-__atexit.o)
 .data          0x000000000081b4e0        0x0 c:/intelfpga_lite/18.1/nios2eds/bin/gnu/h-x86_64-mingw32/bin/../lib/gcc/nios2-elf/5.3.0/../../../../../H-x86_64-mingw32/nios2-elf/lib/mno-hw-mul\libc.a(lib_a-__call_atexit.o)
 .data          0x000000000081b4e0        0x0 ../pdm_4ch_bsp/\libhal_bsp.a(alt_exit.o)
                0x00000000008234e0                _gp = ABSOLUTE ((. + 0x8000))
                [!provide]                        PROVIDE (gp, _gp)
 *(.rwdata .rwdata.*)
 *(.sdata .sdata.* .gnu.linkonce.s.*)
 .sdata         0x000000000081b4e0        0x8 obj/default/FreeRTOS/Source/portable/MemMang/heap_2.o
 .sdata         0x000000000081b4e8        0x8 obj/default/src/FONT/font12.o
                0x000000000081b4e8                Font12
 .sdata         0x000000000081b4f0        0x8 obj/default/src/FONT/font16.o
                0x000000000081b4f0                Font16
 .sdata         0x000000000081b4f8        0x8 obj/default/src/FONT/font20.o
                0x000000000081b4f8                Font20
 .sdata         0x000000000081b500        0x8 obj/default/src/FONT/font24.o
                0x000000000081b500                Font24
 .sdata         0x000000000081b508        0x8 obj/default/src/ILI9341_nios.o
                0x000000000081b508                pILI9341
                0x000000000081b50c                pLCD_DMA
 .sdata         0x000000000081b510        0x8 obj/default/src/ft245_fifo.o
                0x000000000081b510                pDMA
                0x000000000081b514                pFT245
 .sdata         0x000000000081b518        0x8 obj/default/src/pdmmic.o
                0x000000000081b518                pPDM
                0x000000000081b51c                pPDMDATA
 .sdata.__fdlib_version
                0x000000000081b520        0x4 c:/intelfpga_lite/18.1/nios2eds/bin/gnu/h-x86_64-mingw32/bin/../lib/gcc/nios2-elf/5.3.0/../../../../../H-x86_64-mingw32/nios2-elf/lib/mno-hw-mul\libm.a(lib_a-s_lib_ver.o)
                0x000000000081b520                __fdlib_version
 .sdata._global_impure_ptr
                0x000000000081b524        0x4 c:/intelfpga_lite/18.1/nios2eds/bin/gnu/h-x86_64-mingw32/bin/../lib/gcc/nios2-elf/5.3.0/../../../../../H-x86_64-mingw32/nios2-elf/lib/mno-hw-mul\libc.a(lib_a-impure.o)
                0x000000000081b524                _global_impure_ptr
 .sdata._impure_ptr
                0x000000000081b528        0x4 c:/intelfpga_lite/18.1/nios2eds/bin/gnu/h-x86_64-mingw32/bin/../lib/gcc/nios2-elf/5.3.0/../../../../../H-x86_64-mingw32/nios2-elf/lib/mno-hw-mul\libc.a(lib_a-impure.o)
                0x000000000081b528                _impure_ptr
 .sdata         0x000000000081b52c        0x4 ../pdm_4ch_bsp/\libhal_bsp.a(alt_irq_vars.o)
                0x000000000081b52c                alt_priority_mask
 .sdata         0x000000000081b530       0x14 ../pdm_4ch_bsp/\libhal_bsp.a(alt_dev.o)
                0x000000000081b530                alt_fs_list
                0x000000000081b538                alt_dev_list
                0x000000000081b540                alt_max_fd
 .sdata         0x000000000081b544        0x8 ../pdm_4ch_bsp/\libhal_bsp.a(alt_dma_rxchan_open.o)
                0x000000000081b544                alt_dma_rxchan_list
 .sdata         0x000000000081b54c        0x8 ../pdm_4ch_bsp/\libhal_bsp.a(alt_dma_txchan_open.o)
                0x000000000081b54c                alt_dma_txchan_list
 .sdata         0x000000000081b554        0x4 ../pdm_4ch_bsp/\libhal_bsp.a(alt_errno.o)
                0x000000000081b554                alt_errno
 .sdata         0x000000000081b558        0x8 ../pdm_4ch_bsp/\libhal_bsp.a(alt_tick.o)
                0x000000000081b558                alt_alarm_list
 *(.sdata2 .sdata2.* .gnu.linkonce.s2.*)
                0x000000000081b560                . = ALIGN (0x4)
                0x000000000081b560                _edata = ABSOLUTE (.)
                [!provide]                        PROVIDE (edata, ABSOLUTE (.))
                [!provide]                        PROVIDE (__ram_rwdata_end, ABSOLUTE (.))
                [!provide]                        PROVIDE (__flash_rwdata_start, LOADADDR (.rwdata))

.bss            0x000000000081b560    0x102f8
                0x000000000081b560                __bss_start = ABSOLUTE (.)
                [!provide]                        PROVIDE (__sbss_start, ABSOLUTE (.))
                [!provide]                        PROVIDE (___sbss_start, ABSOLUTE (.))
 *(.dynsbss)
 *(.sbss .sbss.* .gnu.linkonce.sb.*)
 .sbss          0x000000000081b560       0x14 obj/default/FreeRTOS/Source/portable/MemMang/heap_2.o
 .sbss          0x000000000081b574       0x3c obj/default/FreeRTOS/Source/tasks.o
                0x000000000081b574                pxCurrentTCB
 .sbss          0x000000000081b5b0       0x10 obj/default/src/pdm_main.o
                0x000000000081b5b0                GLCD_QUE
                0x000000000081b5b4                SnsorQue
                0x000000000081b5b8                SendReqQue
                0x000000000081b5bc                ButtonQue
 .sbss          0x000000000081b5c0        0x4 obj/default/src/pdmmic.o
 .sbss          0x000000000081b5c4        0x4 obj/default/src/task_disp.o
                0x000000000081b5c4                debug_disp_raw
 .sbss          0x000000000081b5c8        0x4 obj/default/src/task_main.o
                0x000000000081b5c8                IFSTS
 .sbss          0x000000000081b5cc        0x8 obj/default/src/task_sns.o
                0x000000000081b5cc                sample_block
                0x000000000081b5d0                SnsCtrlSTS
 .sbss          0x000000000081b5d4        0x4 ../pdm_4ch_bsp/\libhal_bsp.a(alt_irq_vars.o)
                0x000000000081b5d4                alt_irq_active
 .sbss          0x000000000081b5d8        0xc ../pdm_4ch_bsp/\libhal_bsp.a(alt_main.o)
                0x000000000081b5d8                alt_argc
                0x000000000081b5dc                alt_argv
                0x000000000081b5e0                alt_envp
 .sbss          0x000000000081b5e4        0x8 ../pdm_4ch_bsp/\libhal_bsp.a(alt_tick.o)
                0x000000000081b5e4                _alt_tick_rate
                0x000000000081b5e8                _alt_nticks
 .sbss          0x000000000081b5ec        0x4 c:/intelfpga_lite/18.1/nios2eds/bin/gnu/h-x86_64-mingw32/bin/../lib/gcc/nios2-elf/5.3.0/../../../../../H-x86_64-mingw32/nios2-elf/lib/mno-hw-mul\libc.a(lib_a-int_errno.o)
                0x000000000081b5ec                errno
 *(.sbss2 .sbss2.* .gnu.linkonce.sb2.*)
 *(.scommon)
                [!provide]                        PROVIDE (__sbss_end, ABSOLUTE (.))
                [!provide]                        PROVIDE (___sbss_end, ABSOLUTE (.))
 *(.dynbss)
 *(.bss .bss.* .gnu.linkonce.b.*)
 .bss           0x000000000081b5f0        0x0 ../pdm_4ch_bsp//obj/HAL/src/crt0.o
 .bss           0x000000000081b5f0        0x0 obj/default/FreeRTOS/Source/list.o
 .bss           0x000000000081b5f0        0x0 obj/default/FreeRTOS/Source/portable/GCC/NiosII/port.o
 .bss           0x000000000081b5f0    0x10000 obj/default/FreeRTOS/Source/portable/MemMang/heap_2.o
 .bss           0x000000000082b5f0        0x0 obj/default/FreeRTOS/Source/queue.o
 .bss           0x000000000082b5f0       0xc8 obj/default/FreeRTOS/Source/tasks.o
 .bss           0x000000000082b6b8        0x0 obj/default/src/AdafruitFonts/adafruitFont.o
 .bss           0x000000000082b6b8        0x0 obj/default/src/FONT/font12.o
 .bss           0x000000000082b6b8        0x0 obj/default/src/FONT/font16.o
 .bss           0x000000000082b6b8        0x0 obj/default/src/FONT/font20.o
 .bss           0x000000000082b6b8        0x0 obj/default/src/FONT/font24.o
 .bss           0x000000000082b6b8        0x0 obj/default/src/ILI9341_nios.o
 .bss           0x000000000082b6b8        0x0 obj/default/src/dma.o
 .bss           0x000000000082b6b8        0x0 obj/default/src/ft245_fifo.o
 .bss           0x000000000082b6b8        0x0 obj/default/src/grp_lcd.o
 .bss           0x000000000082b6b8        0x0 obj/default/src/pdm_main.o
 .bss           0x000000000082b6b8        0x0 obj/default/src/pdm_sub.o
 .bss           0x000000000082b6b8        0x0 obj/default/src/pdmmic.o
 .bss           0x000000000082b6b8        0x0 obj/default/src/task_button.o
 .bss           0x000000000082b6b8        0x0 obj/default/src/task_com.o
 .bss           0x000000000082b6b8        0x0 obj/default/src/task_disp.o
 .bss           0x000000000082b6b8        0x0 obj/default/src/task_main.o
 .bss           0x000000000082b6b8        0x0 obj/default/src/task_sns.o
 .bss           0x000000000082b6b8        0x0 obj/default/src/wave_img.o
 .bss           0x000000000082b6b8        0x0 obj/default/FreeRTOS/Source/portable/GCC/NiosII/port_asm.o
 .bss           0x000000000082b6b8        0x0 c:/intelfpga_lite/18.1/nios2eds/bin/gnu/h-x86_64-mingw32/bin/../lib/gcc/nios2-elf/5.3.0/../../../../../H-x86_64-mingw32/nios2-elf/lib/mno-hw-mul\libm.a(lib_a-w_pow.o)
 .bss           0x000000000082b6b8        0x0 c:/intelfpga_lite/18.1/nios2eds/bin/gnu/h-x86_64-mingw32/bin/../lib/gcc/nios2-elf/5.3.0/../../../../../H-x86_64-mingw32/nios2-elf/lib/mno-hw-mul\libm.a(lib_a-e_pow.o)
 .bss           0x000000000082b6b8        0x0 c:/intelfpga_lite/18.1/nios2eds/bin/gnu/h-x86_64-mingw32/bin/../lib/gcc/nios2-elf/5.3.0/../../../../../H-x86_64-mingw32/nios2-elf/lib/mno-hw-mul\libm.a(lib_a-e_sqrt.o)
 .bss           0x000000000082b6b8        0x0 c:/intelfpga_lite/18.1/nios2eds/bin/gnu/h-x86_64-mingw32/bin/../lib/gcc/nios2-elf/5.3.0/../../../../../H-x86_64-mingw32/nios2-elf/lib/mno-hw-mul\libm.a(lib_a-s_fabs.o)
 .bss           0x000000000082b6b8        0x0 c:/intelfpga_lite/18.1/nios2eds/bin/gnu/h-x86_64-mingw32/bin/../lib/gcc/nios2-elf/5.3.0/../../../../../H-x86_64-mingw32/nios2-elf/lib/mno-hw-mul\libm.a(lib_a-s_finite.o)
 .bss           0x000000000082b6b8        0x0 c:/intelfpga_lite/18.1/nios2eds/bin/gnu/h-x86_64-mingw32/bin/../lib/gcc/nios2-elf/5.3.0/../../../../../H-x86_64-mingw32/nios2-elf/lib/mno-hw-mul\libm.a(lib_a-s_fpclassify.o)
 .bss           0x000000000082b6b8        0x0 c:/intelfpga_lite/18.1/nios2eds/bin/gnu/h-x86_64-mingw32/bin/../lib/gcc/nios2-elf/5.3.0/../../../../../H-x86_64-mingw32/nios2-elf/lib/mno-hw-mul\libm.a(lib_a-s_lib_ver.o)
 .bss           0x000000000082b6b8        0x0 c:/intelfpga_lite/18.1/nios2eds/bin/gnu/h-x86_64-mingw32/bin/../lib/gcc/nios2-elf/5.3.0/../../../../../H-x86_64-mingw32/nios2-elf/lib/mno-hw-mul\libm.a(lib_a-s_matherr.o)
 .bss           0x000000000082b6b8        0x0 c:/intelfpga_lite/18.1/nios2eds/bin/gnu/h-x86_64-mingw32/bin/../lib/gcc/nios2-elf/5.3.0/../../../../../H-x86_64-mingw32/nios2-elf/lib/mno-hw-mul\libm.a(lib_a-s_nan.o)
 .bss           0x000000000082b6b8        0x0 c:/intelfpga_lite/18.1/nios2eds/bin/gnu/h-x86_64-mingw32/bin/../lib/gcc/nios2-elf/5.3.0/../../../../../H-x86_64-mingw32/nios2-elf/lib/mno-hw-mul\libm.a(lib_a-s_rint.o)
 .bss           0x000000000082b6b8        0x0 c:/intelfpga_lite/18.1/nios2eds/bin/gnu/h-x86_64-mingw32/bin/../lib/gcc/nios2-elf/5.3.0/../../../../../H-x86_64-mingw32/nios2-elf/lib/mno-hw-mul\libm.a(lib_a-s_scalbn.o)
 .bss           0x000000000082b6b8        0x0 c:/intelfpga_lite/18.1/nios2eds/bin/gnu/h-x86_64-mingw32/bin/../lib/gcc/nios2-elf/5.3.0/../../../../../H-x86_64-mingw32/nios2-elf/lib/mno-hw-mul\libm.a(lib_a-s_copysign.o)
 .bss           0x000000000082b6b8        0x0 c:/intelfpga_lite/18.1/nios2eds/bin/gnu/h-x86_64-mingw32/bin/../lib/gcc/nios2-elf/5.3.0/mno-hw-mul\libgcc.a(lib2-mul.o)
 .bss           0x000000000082b6b8        0x0 c:/intelfpga_lite/18.1/nios2eds/bin/gnu/h-x86_64-mingw32/bin/../lib/gcc/nios2-elf/5.3.0/mno-hw-mul\libgcc.a(addsf3.o)
 .bss           0x000000000082b6b8        0x0 c:/intelfpga_lite/18.1/nios2eds/bin/gnu/h-x86_64-mingw32/bin/../lib/gcc/nios2-elf/5.3.0/mno-hw-mul\libgcc.a(divsf3.o)
 .bss           0x000000000082b6b8        0x0 c:/intelfpga_lite/18.1/nios2eds/bin/gnu/h-x86_64-mingw32/bin/../lib/gcc/nios2-elf/5.3.0/mno-hw-mul\libgcc.a(gesf2.o)
 .bss           0x000000000082b6b8        0x0 c:/intelfpga_lite/18.1/nios2eds/bin/gnu/h-x86_64-mingw32/bin/../lib/gcc/nios2-elf/5.3.0/mno-hw-mul\libgcc.a(mulsf3.o)
 .bss           0x000000000082b6b8        0x0 c:/intelfpga_lite/18.1/nios2eds/bin/gnu/h-x86_64-mingw32/bin/../lib/gcc/nios2-elf/5.3.0/mno-hw-mul\libgcc.a(subsf3.o)
 .bss           0x000000000082b6b8        0x0 c:/intelfpga_lite/18.1/nios2eds/bin/gnu/h-x86_64-mingw32/bin/../lib/gcc/nios2-elf/5.3.0/mno-hw-mul\libgcc.a(fixsfsi.o)
 .bss           0x000000000082b6b8        0x0 c:/intelfpga_lite/18.1/nios2eds/bin/gnu/h-x86_64-mingw32/bin/../lib/gcc/nios2-elf/5.3.0/mno-hw-mul\libgcc.a(floatsisf.o)
 .bss           0x000000000082b6b8        0x0 c:/intelfpga_lite/18.1/nios2eds/bin/gnu/h-x86_64-mingw32/bin/../lib/gcc/nios2-elf/5.3.0/mno-hw-mul\libgcc.a(floatunsisf.o)
 .bss           0x000000000082b6b8        0x0 c:/intelfpga_lite/18.1/nios2eds/bin/gnu/h-x86_64-mingw32/bin/../lib/gcc/nios2-elf/5.3.0/mno-hw-mul\libgcc.a(adddf3.o)
 .bss           0x000000000082b6b8        0x0 c:/intelfpga_lite/18.1/nios2eds/bin/gnu/h-x86_64-mingw32/bin/../lib/gcc/nios2-elf/5.3.0/mno-hw-mul\libgcc.a(divdf3.o)
 .bss           0x000000000082b6b8        0x0 c:/intelfpga_lite/18.1/nios2eds/bin/gnu/h-x86_64-mingw32/bin/../lib/gcc/nios2-elf/5.3.0/mno-hw-mul\libgcc.a(eqdf2.o)
 .bss           0x000000000082b6b8        0x0 c:/intelfpga_lite/18.1/nios2eds/bin/gnu/h-x86_64-mingw32/bin/../lib/gcc/nios2-elf/5.3.0/mno-hw-mul\libgcc.a(gedf2.o)
 .bss           0x000000000082b6b8        0x0 c:/intelfpga_lite/18.1/nios2eds/bin/gnu/h-x86_64-mingw32/bin/../lib/gcc/nios2-elf/5.3.0/mno-hw-mul\libgcc.a(ledf2.o)
 .bss           0x000000000082b6b8        0x0 c:/intelfpga_lite/18.1/nios2eds/bin/gnu/h-x86_64-mingw32/bin/../lib/gcc/nios2-elf/5.3.0/mno-hw-mul\libgcc.a(muldf3.o)
 .bss           0x000000000082b6b8        0x0 c:/intelfpga_lite/18.1/nios2eds/bin/gnu/h-x86_64-mingw32/bin/../lib/gcc/nios2-elf/5.3.0/mno-hw-mul\libgcc.a(subdf3.o)
 .bss           0x000000000082b6b8        0x0 c:/intelfpga_lite/18.1/nios2eds/bin/gnu/h-x86_64-mingw32/bin/../lib/gcc/nios2-elf/5.3.0/mno-hw-mul\libgcc.a(fixdfsi.o)
 .bss           0x000000000082b6b8        0x0 c:/intelfpga_lite/18.1/nios2eds/bin/gnu/h-x86_64-mingw32/bin/../lib/gcc/nios2-elf/5.3.0/mno-hw-mul\libgcc.a(floatsidf.o)
 .bss           0x000000000082b6b8        0x0 c:/intelfpga_lite/18.1/nios2eds/bin/gnu/h-x86_64-mingw32/bin/../lib/gcc/nios2-elf/5.3.0/mno-hw-mul\libgcc.a(extendsfdf2.o)
 .bss           0x000000000082b6b8        0x0 c:/intelfpga_lite/18.1/nios2eds/bin/gnu/h-x86_64-mingw32/bin/../lib/gcc/nios2-elf/5.3.0/mno-hw-mul\libgcc.a(truncdfsf2.o)
 .bss           0x000000000082b6b8        0x0 c:/intelfpga_lite/18.1/nios2eds/bin/gnu/h-x86_64-mingw32/bin/../lib/gcc/nios2-elf/5.3.0/mno-hw-mul\libgcc.a(_clzsi2.o)
 .bss           0x000000000082b6b8        0x0 c:/intelfpga_lite/18.1/nios2eds/bin/gnu/h-x86_64-mingw32/bin/../lib/gcc/nios2-elf/5.3.0/mno-hw-mul\libgcc.a(lib2-divmod.o)
 .bss           0x000000000082b6b8        0x0 c:/intelfpga_lite/18.1/nios2eds/bin/gnu/h-x86_64-mingw32/bin/../lib/gcc/nios2-elf/5.3.0/mno-hw-mul\libgcc.a(_clz.o)
 .bss           0x000000000082b6b8        0x0 c:/intelfpga_lite/18.1/nios2eds/bin/gnu/h-x86_64-mingw32/bin/../lib/gcc/nios2-elf/5.3.0/../../../../../H-x86_64-mingw32/nios2-elf/lib/mno-hw-mul\libc.a(lib_a-errno.o)
 .bss           0x000000000082b6b8        0x0 c:/intelfpga_lite/18.1/nios2eds/bin/gnu/h-x86_64-mingw32/bin/../lib/gcc/nios2-elf/5.3.0/../../../../../H-x86_64-mingw32/nios2-elf/lib/mno-hw-mul\libc.a(lib_a-impure.o)
 .bss           0x000000000082b6b8        0x0 c:/intelfpga_lite/18.1/nios2eds/bin/gnu/h-x86_64-mingw32/bin/../lib/gcc/nios2-elf/5.3.0/../../../../../H-x86_64-mingw32/nios2-elf/lib/mno-hw-mul\libc.a(lib_a-memcpy.o)
 .bss           0x000000000082b6b8        0x0 c:/intelfpga_lite/18.1/nios2eds/bin/gnu/h-x86_64-mingw32/bin/../lib/gcc/nios2-elf/5.3.0/../../../../../H-x86_64-mingw32/nios2-elf/lib/mno-hw-mul\libc.a(lib_a-memset.o)
 .bss           0x000000000082b6b8        0x0 ../pdm_4ch_bsp/\libhal_bsp.a(alt_iic.o)
 .bss           0x000000000082b6b8        0x0 ../pdm_4ch_bsp/\libhal_bsp.a(alt_irq_handler.o)
 .bss           0x000000000082b6b8        0x0 ../pdm_4ch_bsp/\libhal_bsp.a(alt_irq_vars.o)
 .bss           0x000000000082b6b8        0x0 ../pdm_4ch_bsp/\libhal_bsp.a(alt_main.o)
 .bss           0x000000000082b6b8        0x0 ../pdm_4ch_bsp/\libhal_bsp.a(alt_sys_init.o)
 .bss           0x000000000082b6b8        0x0 ../pdm_4ch_bsp/\libhal_bsp.a(altera_avalon_dma.o)
 .bss           0x000000000082b6b8        0x0 ../pdm_4ch_bsp/\libhal_bsp.a(altera_avalon_jtag_uart_fd.o)
 .bss           0x000000000082b6b8        0x0 ../pdm_4ch_bsp/\libhal_bsp.a(altera_avalon_jtag_uart_init.o)
 .bss           0x000000000082b6b8        0x0 ../pdm_4ch_bsp/\libhal_bsp.a(altera_avalon_jtag_uart_ioctl.o)
 .bss           0x000000000082b6b8        0x0 ../pdm_4ch_bsp/\libhal_bsp.a(altera_avalon_jtag_uart_read.o)
 .bss           0x000000000082b6b8        0x0 ../pdm_4ch_bsp/\libhal_bsp.a(altera_avalon_jtag_uart_write.o)
 .bss           0x000000000082b6b8        0x0 ../pdm_4ch_bsp/\libhal_bsp.a(altera_avalon_timer_sc.o)
 .bss           0x000000000082b6b8        0x0 ../pdm_4ch_bsp/\libhal_bsp.a(alt_alarm_start.o)
 .bss           0x000000000082b6b8        0x0 ../pdm_4ch_bsp/\libhal_bsp.a(alt_close.o)
 .bss           0x000000000082b6b8        0x0 ../pdm_4ch_bsp/\libhal_bsp.a(alt_dev.o)
 .bss           0x000000000082b6b8        0x0 ../pdm_4ch_bsp/\libhal_bsp.a(alt_dev_llist_insert.o)
 .bss           0x000000000082b6b8        0x0 ../pdm_4ch_bsp/\libhal_bsp.a(alt_dma_rxchan_open.o)
 .bss           0x000000000082b6b8        0x0 ../pdm_4ch_bsp/\libhal_bsp.a(alt_dma_txchan_open.o)
 .bss           0x000000000082b6b8        0x0 ../pdm_4ch_bsp/\libhal_bsp.a(alt_do_ctors.o)
 .bss           0x000000000082b6b8        0x0 ../pdm_4ch_bsp/\libhal_bsp.a(alt_do_dtors.o)
 .bss           0x000000000082b6b8        0x0 ../pdm_4ch_bsp/\libhal_bsp.a(alt_errno.o)
 .bss           0x000000000082b6b8        0x0 ../pdm_4ch_bsp/\libhal_bsp.a(alt_find_dev.o)
 .bss           0x000000000082b6b8        0x0 ../pdm_4ch_bsp/\libhal_bsp.a(alt_io_redirect.o)
 .bss           0x000000000082b6b8        0x0 ../pdm_4ch_bsp/\libhal_bsp.a(alt_open.o)
 .bss           0x000000000082b6b8        0x0 ../pdm_4ch_bsp/\libhal_bsp.a(alt_release_fd.o)
 .bss           0x000000000082b6b8        0x0 ../pdm_4ch_bsp/\libhal_bsp.a(alt_tick.o)
 .bss           0x000000000082b6b8        0x0 ../pdm_4ch_bsp/\libhal_bsp.a(altera_nios2_gen2_irq.o)
 .bss           0x000000000082b6b8        0x0 ../pdm_4ch_bsp/\libhal_bsp.a(alt_find_file.o)
 .bss           0x000000000082b6b8        0x0 ../pdm_4ch_bsp/\libhal_bsp.a(alt_get_fd.o)
 .bss           0x000000000082b6b8        0x0 c:/intelfpga_lite/18.1/nios2eds/bin/gnu/h-x86_64-mingw32/bin/../lib/gcc/nios2-elf/5.3.0/../../../../../H-x86_64-mingw32/nios2-elf/lib/mno-hw-mul\libc.a(lib_a-atexit.o)
 .bss           0x000000000082b6b8        0x0 c:/intelfpga_lite/18.1/nios2eds/bin/gnu/h-x86_64-mingw32/bin/../lib/gcc/nios2-elf/5.3.0/../../../../../H-x86_64-mingw32/nios2-elf/lib/mno-hw-mul\libc.a(lib_a-exit.o)
 .bss           0x000000000082b6b8        0x0 c:/intelfpga_lite/18.1/nios2eds/bin/gnu/h-x86_64-mingw32/bin/../lib/gcc/nios2-elf/5.3.0/../../../../../H-x86_64-mingw32/nios2-elf/lib/mno-hw-mul\libc.a(lib_a-int_errno.o)
 .bss           0x000000000082b6b8        0x0 c:/intelfpga_lite/18.1/nios2eds/bin/gnu/h-x86_64-mingw32/bin/../lib/gcc/nios2-elf/5.3.0/../../../../../H-x86_64-mingw32/nios2-elf/lib/mno-hw-mul\libc.a(lib_a-memcmp.o)
 .bss           0x000000000082b6b8        0x0 c:/intelfpga_lite/18.1/nios2eds/bin/gnu/h-x86_64-mingw32/bin/../lib/gcc/nios2-elf/5.3.0/../../../../../H-x86_64-mingw32/nios2-elf/lib/mno-hw-mul\libc.a(lib_a-strlen.o)
 .bss           0x000000000082b6b8        0x0 c:/intelfpga_lite/18.1/nios2eds/bin/gnu/h-x86_64-mingw32/bin/../lib/gcc/nios2-elf/5.3.0/../../../../../H-x86_64-mingw32/nios2-elf/lib/mno-hw-mul\libc.a(lib_a-__atexit.o)
 .bss           0x000000000082b6b8        0x0 c:/intelfpga_lite/18.1/nios2eds/bin/gnu/h-x86_64-mingw32/bin/../lib/gcc/nios2-elf/5.3.0/../../../../../H-x86_64-mingw32/nios2-elf/lib/mno-hw-mul\libc.a(lib_a-__call_atexit.o)
 .bss           0x000000000082b6b8        0x0 ../pdm_4ch_bsp/\libhal_bsp.a(alt_exit.o)
 *(COMMON)
 COMMON         0x000000000082b6b8       0x50 obj/default/src/AdafruitFonts/adafruitFont.o
                0x000000000082b6b8                FntList
 COMMON         0x000000000082b708       0x30 obj/default/src/ft245_fifo.o
                0x000000000082b708                Ft245Data
                0x000000000082b724                CmdBuf
                0x000000000082b72e                RspBuf
 COMMON         0x000000000082b738       0x10 obj/default/src/task_disp.o
                0x000000000082b738                LocQue
 COMMON         0x000000000082b748       0x10 obj/default/src/task_main.o
                0x000000000082b748                QUE_GLCD_LOCAL
 COMMON         0x000000000082b758      0x100 ../pdm_4ch_bsp/\libhal_bsp.a(alt_irq_handler.o)
                0x000000000082b758                alt_irq
                0x000000000082b858                . = ALIGN (0x4)
                0x000000000082b858                __bss_end = ABSOLUTE (.)

.serialflash    0x0000000000002020        0x0
                [!provide]                        PROVIDE (_alt_partition_serialflash_start, ABSOLUTE (.))
 *(.serialflash .serialflash. serialflash.*)
                0x0000000000002020                . = ALIGN (0x4)
                [!provide]                        PROVIDE (_alt_partition_serialflash_end, ABSOLUTE (.))
                [!provide]                        PROVIDE (_alt_partition_serialflash_load_addr, LOADADDR (.serialflash))

.onchip_flash   0x0000000000080000        0x0
                [!provide]                        PROVIDE (_alt_partition_onchip_flash_start, ABSOLUTE (.))
 *(.onchip_flash .onchip_flash. onchip_flash.*)
                0x0000000000080000                . = ALIGN (0x4)
                [!provide]                        PROVIDE (_alt_partition_onchip_flash_end, ABSOLUTE (.))
                [!provide]                        PROVIDE (_alt_partition_onchip_flash_load_addr, LOADADDR (.onchip_flash))

.sdram          0x000000000082b858        0x0
                [!provide]                        PROVIDE (_alt_partition_sdram_start, ABSOLUTE (.))
 *(.sdram .sdram. sdram.*)
                0x000000000082b858                . = ALIGN (0x4)
                [!provide]                        PROVIDE (_alt_partition_sdram_end, ABSOLUTE (.))
                0x000000000082b858                _end = ABSOLUTE (.)
                0x000000000082b858                end = ABSOLUTE (.)
                0x000000000082b858                __alt_stack_base = ABSOLUTE (.)
                [!provide]                        PROVIDE (_alt_partition_sdram_load_addr, LOADADDR (.sdram))

.stab
 *(.stab)

.stabstr
 *(.stabstr)

.stab.excl
 *(.stab.excl)

.stab.exclstr
 *(.stab.exclstr)

.stab.index
 *(.stab.index)

.stab.indexstr
 *(.stab.indexstr)

.comment        0x0000000000000000       0x23
 *(.comment)
 .comment       0x0000000000000000       0x23 obj/default/FreeRTOS/Source/list.o
                                         0x24 (size before relaxing)
 .comment       0x0000000000000023       0x24 obj/default/FreeRTOS/Source/portable/GCC/NiosII/port.o
 .comment       0x0000000000000023       0x24 obj/default/FreeRTOS/Source/portable/MemMang/heap_2.o
 .comment       0x0000000000000023       0x24 obj/default/FreeRTOS/Source/queue.o
 .comment       0x0000000000000023       0x24 obj/default/FreeRTOS/Source/tasks.o
 .comment       0x0000000000000023       0x24 obj/default/src/AdafruitFonts/adafruitFont.o
 .comment       0x0000000000000023       0x24 obj/default/src/FONT/font12.o
 .comment       0x0000000000000023       0x24 obj/default/src/FONT/font16.o
 .comment       0x0000000000000023       0x24 obj/default/src/FONT/font20.o
 .comment       0x0000000000000023       0x24 obj/default/src/FONT/font24.o
 .comment       0x0000000000000023       0x24 obj/default/src/ILI9341_nios.o
 .comment       0x0000000000000023       0x24 obj/default/src/dma.o
 .comment       0x0000000000000023       0x24 obj/default/src/ft245_fifo.o
 .comment       0x0000000000000023       0x24 obj/default/src/grp_lcd.o
 .comment       0x0000000000000023       0x24 obj/default/src/pdm_main.o
 .comment       0x0000000000000023       0x24 obj/default/src/pdm_sub.o
 .comment       0x0000000000000023       0x24 obj/default/src/pdmmic.o
 .comment       0x0000000000000023       0x24 obj/default/src/task_button.o
 .comment       0x0000000000000023       0x24 obj/default/src/task_com.o
 .comment       0x0000000000000023       0x24 obj/default/src/task_disp.o
 .comment       0x0000000000000023       0x24 obj/default/src/task_main.o
 .comment       0x0000000000000023       0x24 obj/default/src/task_sns.o
 .comment       0x0000000000000023       0x24 obj/default/src/wave_img.o
 .comment       0x0000000000000023       0x24 c:/intelfpga_lite/18.1/nios2eds/bin/gnu/h-x86_64-mingw32/bin/../lib/gcc/nios2-elf/5.3.0/../../../../../H-x86_64-mingw32/nios2-elf/lib/mno-hw-mul\libm.a(lib_a-w_pow.o)
 .comment       0x0000000000000023       0x24 c:/intelfpga_lite/18.1/nios2eds/bin/gnu/h-x86_64-mingw32/bin/../lib/gcc/nios2-elf/5.3.0/../../../../../H-x86_64-mingw32/nios2-elf/lib/mno-hw-mul\libm.a(lib_a-e_pow.o)
 .comment       0x0000000000000023       0x24 c:/intelfpga_lite/18.1/nios2eds/bin/gnu/h-x86_64-mingw32/bin/../lib/gcc/nios2-elf/5.3.0/../../../../../H-x86_64-mingw32/nios2-elf/lib/mno-hw-mul\libm.a(lib_a-e_sqrt.o)
 .comment       0x0000000000000023       0x24 c:/intelfpga_lite/18.1/nios2eds/bin/gnu/h-x86_64-mingw32/bin/../lib/gcc/nios2-elf/5.3.0/../../../../../H-x86_64-mingw32/nios2-elf/lib/mno-hw-mul\libm.a(lib_a-s_fabs.o)
 .comment       0x0000000000000023       0x24 c:/intelfpga_lite/18.1/nios2eds/bin/gnu/h-x86_64-mingw32/bin/../lib/gcc/nios2-elf/5.3.0/../../../../../H-x86_64-mingw32/nios2-elf/lib/mno-hw-mul\libm.a(lib_a-s_finite.o)
 .comment       0x0000000000000023       0x24 c:/intelfpga_lite/18.1/nios2eds/bin/gnu/h-x86_64-mingw32/bin/../lib/gcc/nios2-elf/5.3.0/../../../../../H-x86_64-mingw32/nios2-elf/lib/mno-hw-mul\libm.a(lib_a-s_fpclassify.o)
 .comment       0x0000000000000023       0x24 c:/intelfpga_lite/18.1/nios2eds/bin/gnu/h-x86_64-mingw32/bin/../lib/gcc/nios2-elf/5.3.0/../../../../../H-x86_64-mingw32/nios2-elf/lib/mno-hw-mul\libm.a(lib_a-s_lib_ver.o)
 .comment       0x0000000000000023       0x24 c:/intelfpga_lite/18.1/nios2eds/bin/gnu/h-x86_64-mingw32/bin/../lib/gcc/nios2-elf/5.3.0/../../../../../H-x86_64-mingw32/nios2-elf/lib/mno-hw-mul\libm.a(lib_a-s_matherr.o)
 .comment       0x0000000000000023       0x24 c:/intelfpga_lite/18.1/nios2eds/bin/gnu/h-x86_64-mingw32/bin/../lib/gcc/nios2-elf/5.3.0/../../../../../H-x86_64-mingw32/nios2-elf/lib/mno-hw-mul\libm.a(lib_a-s_nan.o)
 .comment       0x0000000000000023       0x24 c:/intelfpga_lite/18.1/nios2eds/bin/gnu/h-x86_64-mingw32/bin/../lib/gcc/nios2-elf/5.3.0/../../../../../H-x86_64-mingw32/nios2-elf/lib/mno-hw-mul\libm.a(lib_a-s_rint.o)
 .comment       0x0000000000000023       0x24 c:/intelfpga_lite/18.1/nios2eds/bin/gnu/h-x86_64-mingw32/bin/../lib/gcc/nios2-elf/5.3.0/../../../../../H-x86_64-mingw32/nios2-elf/lib/mno-hw-mul\libm.a(lib_a-s_scalbn.o)
 .comment       0x0000000000000023       0x24 c:/intelfpga_lite/18.1/nios2eds/bin/gnu/h-x86_64-mingw32/bin/../lib/gcc/nios2-elf/5.3.0/../../../../../H-x86_64-mingw32/nios2-elf/lib/mno-hw-mul\libm.a(lib_a-s_copysign.o)
 .comment       0x0000000000000023       0x24 c:/intelfpga_lite/18.1/nios2eds/bin/gnu/h-x86_64-mingw32/bin/../lib/gcc/nios2-elf/5.3.0/mno-hw-mul\libgcc.a(lib2-mul.o)
 .comment       0x0000000000000023       0x24 c:/intelfpga_lite/18.1/nios2eds/bin/gnu/h-x86_64-mingw32/bin/../lib/gcc/nios2-elf/5.3.0/mno-hw-mul\libgcc.a(addsf3.o)
 .comment       0x0000000000000023       0x24 c:/intelfpga_lite/18.1/nios2eds/bin/gnu/h-x86_64-mingw32/bin/../lib/gcc/nios2-elf/5.3.0/mno-hw-mul\libgcc.a(divsf3.o)
 .comment       0x0000000000000023       0x24 c:/intelfpga_lite/18.1/nios2eds/bin/gnu/h-x86_64-mingw32/bin/../lib/gcc/nios2-elf/5.3.0/mno-hw-mul\libgcc.a(gesf2.o)
 .comment       0x0000000000000023       0x24 c:/intelfpga_lite/18.1/nios2eds/bin/gnu/h-x86_64-mingw32/bin/../lib/gcc/nios2-elf/5.3.0/mno-hw-mul\libgcc.a(mulsf3.o)
 .comment       0x0000000000000023       0x24 c:/intelfpga_lite/18.1/nios2eds/bin/gnu/h-x86_64-mingw32/bin/../lib/gcc/nios2-elf/5.3.0/mno-hw-mul\libgcc.a(subsf3.o)
 .comment       0x0000000000000023       0x24 c:/intelfpga_lite/18.1/nios2eds/bin/gnu/h-x86_64-mingw32/bin/../lib/gcc/nios2-elf/5.3.0/mno-hw-mul\libgcc.a(fixsfsi.o)
 .comment       0x0000000000000023       0x24 c:/intelfpga_lite/18.1/nios2eds/bin/gnu/h-x86_64-mingw32/bin/../lib/gcc/nios2-elf/5.3.0/mno-hw-mul\libgcc.a(floatsisf.o)
 .comment       0x0000000000000023       0x24 c:/intelfpga_lite/18.1/nios2eds/bin/gnu/h-x86_64-mingw32/bin/../lib/gcc/nios2-elf/5.3.0/mno-hw-mul\libgcc.a(floatunsisf.o)
 .comment       0x0000000000000023       0x24 c:/intelfpga_lite/18.1/nios2eds/bin/gnu/h-x86_64-mingw32/bin/../lib/gcc/nios2-elf/5.3.0/mno-hw-mul\libgcc.a(adddf3.o)
 .comment       0x0000000000000023       0x24 c:/intelfpga_lite/18.1/nios2eds/bin/gnu/h-x86_64-mingw32/bin/../lib/gcc/nios2-elf/5.3.0/mno-hw-mul\libgcc.a(divdf3.o)
 .comment       0x0000000000000023       0x24 c:/intelfpga_lite/18.1/nios2eds/bin/gnu/h-x86_64-mingw32/bin/../lib/gcc/nios2-elf/5.3.0/mno-hw-mul\libgcc.a(eqdf2.o)
 .comment       0x0000000000000023       0x24 c:/intelfpga_lite/18.1/nios2eds/bin/gnu/h-x86_64-mingw32/bin/../lib/gcc/nios2-elf/5.3.0/mno-hw-mul\libgcc.a(gedf2.o)
 .comment       0x0000000000000023       0x24 c:/intelfpga_lite/18.1/nios2eds/bin/gnu/h-x86_64-mingw32/bin/../lib/gcc/nios2-elf/5.3.0/mno-hw-mul\libgcc.a(ledf2.o)
 .comment       0x0000000000000023       0x24 c:/intelfpga_lite/18.1/nios2eds/bin/gnu/h-x86_64-mingw32/bin/../lib/gcc/nios2-elf/5.3.0/mno-hw-mul\libgcc.a(muldf3.o)
 .comment       0x0000000000000023       0x24 c:/intelfpga_lite/18.1/nios2eds/bin/gnu/h-x86_64-mingw32/bin/../lib/gcc/nios2-elf/5.3.0/mno-hw-mul\libgcc.a(subdf3.o)
 .comment       0x0000000000000023       0x24 c:/intelfpga_lite/18.1/nios2eds/bin/gnu/h-x86_64-mingw32/bin/../lib/gcc/nios2-elf/5.3.0/mno-hw-mul\libgcc.a(fixdfsi.o)
 .comment       0x0000000000000023       0x24 c:/intelfpga_lite/18.1/nios2eds/bin/gnu/h-x86_64-mingw32/bin/../lib/gcc/nios2-elf/5.3.0/mno-hw-mul\libgcc.a(floatsidf.o)
 .comment       0x0000000000000023       0x24 c:/intelfpga_lite/18.1/nios2eds/bin/gnu/h-x86_64-mingw32/bin/../lib/gcc/nios2-elf/5.3.0/mno-hw-mul\libgcc.a(extendsfdf2.o)
 .comment       0x0000000000000023       0x24 c:/intelfpga_lite/18.1/nios2eds/bin/gnu/h-x86_64-mingw32/bin/../lib/gcc/nios2-elf/5.3.0/mno-hw-mul\libgcc.a(truncdfsf2.o)
 .comment       0x0000000000000023       0x24 c:/intelfpga_lite/18.1/nios2eds/bin/gnu/h-x86_64-mingw32/bin/../lib/gcc/nios2-elf/5.3.0/mno-hw-mul\libgcc.a(_clzsi2.o)
 .comment       0x0000000000000023       0x24 c:/intelfpga_lite/18.1/nios2eds/bin/gnu/h-x86_64-mingw32/bin/../lib/gcc/nios2-elf/5.3.0/mno-hw-mul\libgcc.a(lib2-divmod.o)
 .comment       0x0000000000000023       0x24 c:/intelfpga_lite/18.1/nios2eds/bin/gnu/h-x86_64-mingw32/bin/../lib/gcc/nios2-elf/5.3.0/mno-hw-mul\libgcc.a(_clz.o)
 .comment       0x0000000000000023       0x24 c:/intelfpga_lite/18.1/nios2eds/bin/gnu/h-x86_64-mingw32/bin/../lib/gcc/nios2-elf/5.3.0/../../../../../H-x86_64-mingw32/nios2-elf/lib/mno-hw-mul\libc.a(lib_a-errno.o)
 .comment       0x0000000000000023       0x24 c:/intelfpga_lite/18.1/nios2eds/bin/gnu/h-x86_64-mingw32/bin/../lib/gcc/nios2-elf/5.3.0/../../../../../H-x86_64-mingw32/nios2-elf/lib/mno-hw-mul\libc.a(lib_a-impure.o)
 .comment       0x0000000000000023       0x24 c:/intelfpga_lite/18.1/nios2eds/bin/gnu/h-x86_64-mingw32/bin/../lib/gcc/nios2-elf/5.3.0/../../../../../H-x86_64-mingw32/nios2-elf/lib/mno-hw-mul\libc.a(lib_a-memcpy.o)
 .comment       0x0000000000000023       0x24 c:/intelfpga_lite/18.1/nios2eds/bin/gnu/h-x86_64-mingw32/bin/../lib/gcc/nios2-elf/5.3.0/../../../../../H-x86_64-mingw32/nios2-elf/lib/mno-hw-mul\libc.a(lib_a-memset.o)
 .comment       0x0000000000000023       0x24 ../pdm_4ch_bsp/\libhal_bsp.a(alt_iic.o)
 .comment       0x0000000000000023       0x24 ../pdm_4ch_bsp/\libhal_bsp.a(alt_irq_handler.o)
 .comment       0x0000000000000023       0x24 ../pdm_4ch_bsp/\libhal_bsp.a(alt_irq_vars.o)
 .comment       0x0000000000000023       0x24 ../pdm_4ch_bsp/\libhal_bsp.a(alt_main.o)
 .comment       0x0000000000000023       0x24 ../pdm_4ch_bsp/\libhal_bsp.a(alt_sys_init.o)
 .comment       0x0000000000000023       0x24 ../pdm_4ch_bsp/\libhal_bsp.a(altera_avalon_dma.o)
 .comment       0x0000000000000023       0x24 ../pdm_4ch_bsp/\libhal_bsp.a(altera_avalon_jtag_uart_fd.o)
 .comment       0x0000000000000023       0x24 ../pdm_4ch_bsp/\libhal_bsp.a(altera_avalon_jtag_uart_init.o)
 .comment       0x0000000000000023       0x24 ../pdm_4ch_bsp/\libhal_bsp.a(altera_avalon_jtag_uart_ioctl.o)
 .comment       0x0000000000000023       0x24 ../pdm_4ch_bsp/\libhal_bsp.a(altera_avalon_jtag_uart_read.o)
 .comment       0x0000000000000023       0x24 ../pdm_4ch_bsp/\libhal_bsp.a(altera_avalon_jtag_uart_write.o)
 .comment       0x0000000000000023       0x24 ../pdm_4ch_bsp/\libhal_bsp.a(altera_avalon_timer_sc.o)
 .comment       0x0000000000000023       0x24 ../pdm_4ch_bsp/\libhal_bsp.a(alt_alarm_start.o)
 .comment       0x0000000000000023       0x24 ../pdm_4ch_bsp/\libhal_bsp.a(alt_close.o)
 .comment       0x0000000000000023       0x24 ../pdm_4ch_bsp/\libhal_bsp.a(alt_dev.o)
 .comment       0x0000000000000023       0x24 ../pdm_4ch_bsp/\libhal_bsp.a(alt_dev_llist_insert.o)
 .comment       0x0000000000000023       0x24 ../pdm_4ch_bsp/\libhal_bsp.a(alt_dma_rxchan_open.o)
 .comment       0x0000000000000023       0x24 ../pdm_4ch_bsp/\libhal_bsp.a(alt_dma_txchan_open.o)
 .comment       0x0000000000000023       0x24 ../pdm_4ch_bsp/\libhal_bsp.a(alt_do_ctors.o)
 .comment       0x0000000000000023       0x24 ../pdm_4ch_bsp/\libhal_bsp.a(alt_do_dtors.o)
 .comment       0x0000000000000023       0x24 ../pdm_4ch_bsp/\libhal_bsp.a(alt_errno.o)
 .comment       0x0000000000000023       0x24 ../pdm_4ch_bsp/\libhal_bsp.a(alt_find_dev.o)
 .comment       0x0000000000000023       0x24 ../pdm_4ch_bsp/\libhal_bsp.a(alt_io_redirect.o)
 .comment       0x0000000000000023       0x24 ../pdm_4ch_bsp/\libhal_bsp.a(alt_open.o)
 .comment       0x0000000000000023       0x24 ../pdm_4ch_bsp/\libhal_bsp.a(alt_release_fd.o)
 .comment       0x0000000000000023       0x24 ../pdm_4ch_bsp/\libhal_bsp.a(alt_tick.o)
 .comment       0x0000000000000023       0x24 ../pdm_4ch_bsp/\libhal_bsp.a(altera_nios2_gen2_irq.o)
 .comment       0x0000000000000023       0x24 ../pdm_4ch_bsp/\libhal_bsp.a(alt_find_file.o)
 .comment       0x0000000000000023       0x24 ../pdm_4ch_bsp/\libhal_bsp.a(alt_get_fd.o)
 .comment       0x0000000000000023       0x24 c:/intelfpga_lite/18.1/nios2eds/bin/gnu/h-x86_64-mingw32/bin/../lib/gcc/nios2-elf/5.3.0/../../../../../H-x86_64-mingw32/nios2-elf/lib/mno-hw-mul\libc.a(lib_a-atexit.o)
 .comment       0x0000000000000023       0x24 c:/intelfpga_lite/18.1/nios2eds/bin/gnu/h-x86_64-mingw32/bin/../lib/gcc/nios2-elf/5.3.0/../../../../../H-x86_64-mingw32/nios2-elf/lib/mno-hw-mul\libc.a(lib_a-exit.o)
 .comment       0x0000000000000023       0x24 c:/intelfpga_lite/18.1/nios2eds/bin/gnu/h-x86_64-mingw32/bin/../lib/gcc/nios2-elf/5.3.0/../../../../../H-x86_64-mingw32/nios2-elf/lib/mno-hw-mul\libc.a(lib_a-int_errno.o)